03-08 13:15:14.326 D/RenderEngine( 2076): [Caption of Task==11925#19352] set isRequiresLinearEffect false when dimming ratio equals 1.
03-08 13:15:14.327 D/OkHttp  (23406): <-- 500 https://media.micu.hk/Items/123604/Images/Primary?maxWidth=400&maxHeight=600&quality=80 (4448ms, 53-byte body)
03-08 13:15:14.328 D/OkHttp  (23406): <-- 500 https://media.micu.hk/Items/136126/Images/Primary?maxWidth=400&maxHeight=600&quality=80 (4424ms, 53-byte body)

03-08 13:15:14.352 I/Glide   (23406): Root cause (1 of 1)
03-08 13:15:14.352 I/Glide   (23406): com.bumptech.glide.load.HttpException: 
03-08 13:15:14.352 I/Glide   (23406): 	at com.bumptech.glide.integration.okhttp3.OkHttpStreamFetcher.onResponse(OkHttpStreamFetcher.java:73)
03-08 13:15:14.352 I/Glide   (23406): 	at okhttp3.RealCall$AsyncCall.execute(RealCall.java:203)
03-08 13:15:14.352 I/Glide   (23406): 	at okhttp3.internal.NamedRunnable.run(NamedRunnable.java:32)
03-08 13:15:14.352 I/Glide   (23406): 	at java.util.concurrent.ThreadPoolExecutor.runWorker(ThreadPoolExecutor.java:1156)
03-08 13:15:14.352 I/Glide   (23406): 	at java.util.concurrent.ThreadPoolExecutor$Worker.run(ThreadPoolExecutor.java:651)
03-08 13:15:14.352 I/Glide   (23406): 	at java.lang.Thread.run(Thread.java:1126)
03-08 13:15:14.353 E/EmkatGlide(23406): 海报加载失败: Failed to load resource
03-08 13:15:14.353 E/EmkatGlide(23406): There was 1 cause:
03-08 13:15:14.353 E/EmkatGlide(23406): com.bumptech.glide.load.HttpException()
03-08 13:15:14.353 E/EmkatGlide(23406):  call GlideException#logRootCauses(String) for more detail
03-08 13:15:14.353 E/EmkatGlide(23406): class com.bumptech.glide.load.engine.GlideException: Failed to load resource
03-08 13:15:14.353 E/EmkatGlide(23406): There was 1 cause:
03-08 13:15:14.353 E/EmkatGlide(23406): com.bumptech.glide.load.HttpException()
03-08 13:15:14.353 E/EmkatGlide(23406):  call GlideException#logRootCauses(String) for more detail
03-08 13:15:14.353 E/EmkatGlide(23406):   Cause (1 of 1): class com.bumptech.glide.load.engine.GlideException: Fetching data failed, class java.io.InputStream, REMOTE
03-08 13:15:14.353 E/EmkatGlide(23406): There was 1 cause:
03-08 13:15:14.353 E/EmkatGlide(23406): com.bumptech.glide.load.HttpException()
03-08 13:15:14.353 E/EmkatGlide(23406):  call GlideException#logRootCauses(String) for more detail
03-08 13:15:14.353 E/EmkatGlide(23406):     Cause (1 of 1): class com.bumptech.glide.load.HttpException: 

03-08 13:15:14.356 I/Glide   (23406): Root cause (1 of 1)
03-08 13:15:14.356 I/Glide   (23406): com.bumptech.glide.load.HttpException: 
03-08 13:15:14.356 I/Glide   (23406): 	at com.bumptech.glide.integration.okhttp3.OkHttpStreamFetcher.onResponse(OkHttpStreamFetcher.java:73)
03-08 13:15:14.356 I/Glide   (23406): 	at okhttp3.RealCall$AsyncCall.execute(RealCall.java:203)
03-08 13:15:14.356 I/Glide   (23406): 	at okhttp3.internal.NamedRunnable.run(NamedRunnable.java:32)
03-08 13:15:14.356 I/Glide   (23406): 	at java.util.concurrent.ThreadPoolExecutor.runWorker(ThreadPoolExecutor.java:1156)
03-08 13:15:14.356 I/Glide   (23406): 	at java.util.concurrent.ThreadPoolExecutor$Worker.run(ThreadPoolExecutor.java:651)
03-08 13:15:14.356 I/Glide   (23406): 	at java.lang.Thread.run(Thread.java:1126)
03-08 13:15:14.357 E/EmkatGlide(23406): 海报加载失败: Failed to load resource
03-08 13:15:14.357 E/EmkatGlide(23406): There was 1 cause:
03-08 13:15:14.357 E/EmkatGlide(23406): com.bumptech.glide.load.HttpException()
03-08 13:15:14.357 E/EmkatGlide(23406):  call GlideException#logRootCauses(String) for more detail
03-08 13:15:14.357 E/EmkatGlide(23406): class com.bumptech.glide.load.engine.GlideException: Failed to load resource
03-08 13:15:14.357 E/EmkatGlide(23406): There was 1 cause:
03-08 13:15:14.357 E/EmkatGlide(23406): com.bumptech.glide.load.HttpException()
03-08 13:15:14.357 E/EmkatGlide(23406):  call GlideException#logRootCauses(String) for more detail
03-08 13:15:14.357 E/EmkatGlide(23406):   Cause (1 of 1): class com.bumptech.glide.load.engine.GlideException: Fetching data failed, class java.io.InputStream, REMOTE
03-08 13:15:14.357 E/EmkatGlide(23406): There was 1 cause:
03-08 13:15:14.357 E/EmkatGlide(23406): com.bumptech.glide.load.HttpException()
03-08 13:15:14.357 E/EmkatGlide(23406):  call GlideException#logRootCauses(String) for more detail
03-08 13:15:14.357 E/EmkatGlide(23406):     Cause (1 of 1): class com.bumptech.glide.load.HttpException: 
03-08 13:15:14.358 I/VariableRefreshRateHandler( 2076): setCurrentSignals: scored layer size: 2
03-08 13:15:14.358 I/VariableRefreshRateHandler( 2076): setCurrentSignals: layerName org.jellyfin.emby.kitkat/org.jellyfin.emby.kitkat.HomeActivity#19399, type Default, desiredRefreshRate 60.00
03-08 13:15:14.358 I/VariableRefreshRateHandler( 2076): setCurrentSignals: layerName com.tananaev.logcat/com.tananaev.logcat.GoogleActivity#19346, type Heuristic, desiredRefreshRate 60.00
03-08 13:15:14.359 D/RenderEngine( 2076): [HnFreeformBackground of Task=11925#19354] set isRequiresLinearEffect false when dimming ratio equals 1.
03-08 13:15:14.359 D/RenderEngine( 2076): [Task=11925#19141] set isRequiresLinearEffect false when dimming ratio equals 1.
03-08 13:15:14.359 D/RenderEngine( 2076): [com.tananaev.logcat/com.tananaev.logcat.GoogleActivity#19346] set isRequiresLinearEffect false when dimming ratio equals 1.
03-08 13:15:14.359 W/Glide   (23406): Load failed for https://media.micu.hk:443/Items/136126/Images/Primary?maxWidth=400&maxHeight=600&quality=80 with size [313x176]
03-08 13:15:14.359 W/Glide   (23406): class com.bumptech.glide.load.engine.GlideException: Failed to load resource
03-08 13:15:14.359 W/Glide   (23406): There was 1 cause:
03-08 13:15:14.359 W/Glide   (23406): com.bumptech.glide.load.HttpException()
03-08 13:15:14.359 W/Glide   (23406):  call GlideException#logRootCauses(String) for more detail
03-08 13:15:14.359 W/Glide   (23406):   Cause (1 of 1): class com.bumptech.glide.load.engine.GlideException: Fetching data failed, class java.io.InputStream, REMOTE
03-08 13:15:14.359 W/Glide   (23406): There was 1 cause:
03-08 13:15:14.359 W/Glide   (23406): com.bumptech.glide.load.HttpException()
03-08 13:15:14.359 W/Glide   (23406):  call GlideException#logRootCauses(String) for more detail
03-08 13:15:14.359 W/Glide   (23406):     Cause (1 of 1): class com.bumptech.glide.load.HttpException: 
03-08 13:15:14.359 D/RenderEngine( 2076): [Caption of Task==11925#19352] set isRequiresLinearEffect false when dimming ratio equals 1.
03-08 13:15:14.360 I/Glide   (23406): Root cau
se (1 of 1)
03-08 13:15:14.360 I/Glide   (23406): com.bumptech.glide.load.HttpException: 
03-08 13:15:14.360 I/Glide   (23406): 	at com.bumptech.glide.integration.okhttp3.OkHttpStreamFetcher.onResponse(OkHttpStreamFetcher.java:73)
03-08 13:15:14.360 I/Glide   (23406): 	at okhttp3.RealCall$AsyncCall.execute(RealCall.java:203)
03-08 13:15:14.360 I/Glide   (23406): 	at okhttp3.internal.NamedRunnable.run(NamedRunnable.java:32)
03-08 13:15:14.360 I/Glide   (23406): 	at java.util.concurrent.ThreadPoolExecutor.runWorker(ThreadPoolExecutor.java:1156)
03-08 13:15:14.360 I/Glide   (23406): 	at java.util.concurrent.ThreadPoolExecutor$Worker.run(ThreadPoolExecutor.java:651)
03-08 13:15:14.360 I/Glide   (23406): 	at java.lang.Thread.run(Thread.java:1126)
03-08 13:15:14.360 E/EmkatGlide(23406): 海报加载失败: Failed to load resource
03-08 13:15:14.360 E/EmkatGlide(23406): There was 1 cause:
03-08 13:15:14.360 E/EmkatGlide(23406): com.bumptech.glide.load.HttpException()
03-08 13:15:14.360 E/EmkatGlide(23406):  call GlideException#logRootCauses(String) for more detail
03-08 13:15:14.360 E/EmkatGlide(23406): class com.bumptech.glide.load.engine.GlideException: Failed to load resource
03-08 13:15:14.360 E/EmkatGlide(23406): There was 1 cause:
03-08 13:15:14.360 E/EmkatGlide(23406): com.bumptech.glide.load.HttpException()
03-08 13:15:14.360 E/EmkatGlide(23406):  call GlideException#logRootCauses(String) for more detail
03-08 13:15:14.360 E/EmkatGlide(23406):   Cause (1 of 1): class com.bumptech.glide.load.engine.GlideException: Fetching data failed, class java.io.InputStream, REMOTE
03-08 13:15:14.360 E/EmkatGlide(23406): There was 1 cause:
03-08 13:15:14.360 E/EmkatGlide(23406): com.bumptech.glide.load.HttpException()
03-08 13:15:14.360 E/EmkatGlide(23406):  call GlideException#logRootCauses(String) for more detail
03-08 13:15:14.360 E/EmkatGlide(23406):     Cause (1 of 1): class com.bumptech.glide.load.HttpException: 
03-08 13:15:14.361 W/Glide   (23406): Load failed for https://media.micu.hk:443/Items/7056/Images/Primary?maxWidth=400&maxHeight=600&quality=80 with size [313x176]
03-08 13:15:14.361 W/Glide   (23406): class com.bumptech.glide.load.engine.GlideException: Failed to load resource
03-08 13:15:14.361 W/Glide   (23406): There was 1 cause:
03-08 13:15:14.361 W/Glide   (23406): com.bumptech.glide.load.HttpException()
03-08 13:15:14.361 W/Glide   (23406):  call GlideException#logRootCauses(String) for more detail
03-08 13:15:14.361 W/Glide   (23406):   Cause (1 of 1): class com.bumptech.glide.load.engine.GlideException: Fetching data failed, class java.io.InputStream, REMOTE
03-08 13:15:14.361 W/Glide   (23406): There was 1 cause:
03-08 13:15:14.361 W/Glide   (23406): com.bumptech.glide.load.HttpException()
03-08 13:15:14.361 W/Glide   (23406):  call GlideException#logRootCauses(String) for more detail
03-08 13:15:14.361 W/Glide   (23406):     Cause (1 of 1): class com.bumptech.glide.load.HttpException: 
03-08 13:15:14.361 I/SnapAlloc( 2017): DEBUG ValidateDescriptor- Received width = 256, height = 90, format = 3, usage = 0x20000800
03-08 13:15:14.362 W/SnapAlloc( 2017): Failed to get format mapping to use mmm_color_fmt
03-08 13:15:14.362 W/SnapAlloc( 2017): Error while getting constraints from display libs width 256, height 90, format 3

03-08 13:15:14.362 I/Glide   (23406): Root cause (1 of 1)
03-08 13:15:14.362 I/Glide   (23406): com.bumptech.glide.load.HttpException: 
03-08 13:15:14.362 I/Glide   (23406): 	at com.bumptech.glide.integration.okhttp3.OkHttpStreamFetcher.onResponse(OkHttpStreamFetcher.java:73)
03-08 13:15:14.362 I/Glide   (23406): 	at okhttp3.RealCall$AsyncCall.execute(RealCall.java:203)
03-08 13:15:14.362 I/Glide   (23406): 	at okhttp3.internal.NamedRunnable.run(NamedRunnable.java:32)
03-08 13:15:14.362 I/Glide   (23406): 	at java.util.concurrent.ThreadPoolExecutor.runWorker(ThreadPoolExecutor.java:1156)
03-08 13:15:14.362 I/Glide   (23406): 	at java.util.concurrent.ThreadPoolExecutor$Worker.run(ThreadPoolExecutor.java:651)
03-08 13:15:14.362 I/Glide   (23406): 	at java.lang.Thread.run(Thread.java:1126)
03-08 13:15:14.362 E/EmkatGlide(23406): 海报加载失败: Failed to load resource
03-08 13:15:14.362 E/EmkatGlide(23406): There was 1 cause:
03-08 13:15:14.362 E/EmkatGlide(23406): com.bumptech.glide.load.HttpException()
03-08 13:15:14.362 E/EmkatGlide(23406):  call GlideException#logRootCauses(String) for more detail
03-08 13:15:14.362 E/EmkatGlide(23406): class com.bumptech.glide.load.engine.GlideException: Failed to load resource
03-08 13:15:14.362 E/EmkatGlide(23406): There was 1 cause:
03-08 13:15:14.362 E/EmkatGlide(23406): com.bumptech.glide.load.HttpException()
03-08 13:15:14.362 E/EmkatGlide(23406):  call GlideException#logRootCauses(String) for more detail
03-08 13:15:14.362 E/EmkatGlide(23406):   Cause (1 of 1): class com.bumptech.glide.load.engine.GlideException: Fetching data failed, class java.io.InputStream, REMOTE
03-08 13:15:14.362 E/EmkatGlide(23406): There was 1 cause:
03-08 13:15:14.362 E/EmkatGlide(23406): com.bumptech.glide.load.HttpException()
03-08 13:15:14.362 E/EmkatGlide(23406):  call GlideException#logRootCauses(String) for more detail
03-08 13:15:14.362 E/EmkatGlide(23406):     Cause (1 of 1): class com.bumptech.glide.load.HttpException: 

03-08 13:15:14.589 W/Glide   (23406): Load failed for https://media.micu.hk:443/Items/28826/Images/Primary?maxWidth=400&maxHeight=600&quality=80 with size [313x176]
03-08 13:15:14.589 W/Glide   (23406): class com.bumptech.glide.load.engine.GlideException: Failed to load resource
03-08 13:15:14.589 W/Glide   (23406): There was 1 cause:
03-08 13:15:14.589 W/Glide   (23406): com.bumptech.glide.load.HttpException()
03-08 13:15:14.589 W/Glide   (23406):  call GlideException#logRootCauses(String) for more detail
03-08 13:15:14.589 W/Glide   (23406):   Cause (1 of 1): class com.bumptech.glide.load.engine.GlideException: Fetching data failed, class java.io.InputStream, REMOTE
03-08 13:15:14.589 W/Glide   (23406): There was 1 cause:
03-08 13:15:14.589 W/Glide   (23406): com.bumptech.glide.load.HttpException()
03-08 13:15:14.589 W/Glide   (23406):  call GlideException#logRootCauses(String) for more detail
03-08 13:15:14.589 W/Glide   (23406):     Cause (1 of 1): class com.bumptech.glide.load.HttpException: 
03-08 13:15:14.590 I/Glide   (23406): Root cause (1 of 1)
03-08 13:15:14.590 I/Glide   (23406): com.bumptech.glide.load.HttpException: 
03-08 13:15:14.590 I/Glide   (23406): 	at com.bumptech.glide.integration.okhttp3.OkHttpStreamFetcher.onResponse(OkHttpStreamFetcher.java:73)
03-08 13:15:14.590 I/Glide   (23406): 	at okhttp3.RealCall$AsyncCall.execute(RealCall.java:203)
03-08 13:15:14.590 I/Glide   (23406): 	at okhttp3.internal.NamedRunnable.run(NamedRunnable.java:32)
03-08 13:15:14.590 I/Glide   (23406): 	at java.util.concurrent.ThreadPoolExecutor.runWorker(ThreadPoolExecutor.java:1156)
03-08 13:15:14.590 I/Glide   (23406): 	at java.util.concurrent.ThreadPoolExecutor$Worker.run(ThreadPoolExecutor.java:651)
03-08 13:15:14.590 I/Glide   (23406): 	at java.lang.Thread.run(Thread.java:1126)
03-08 13:15:14.591 D/RenderEngine( 2076): [HnFreeformBackground of Task=11925#19354] set isRequiresLinearEffect false when dimming ratio equals 1.
03-08 13:15:14.591 E/EmkatGlide(23406): 海报加载失败: Failed to load resource
03-08 13:15:14.591 E/EmkatGlide(23406): There was 1 cause:
03-08 13:15:14.591 E/EmkatGlide(23406): com.bumptech.glide.load.HttpException()
03-08 13:15:14.591 E/EmkatGlide(23406):  call GlideException#logRootCauses(String) for more detail
03-08 13:15:14.591 E/EmkatGlide(23406): class com.bumptech.glide.load.engine.GlideException: Failed to load resource
03-08 13:15:14.591 E/EmkatGlide(23406): There was 1 cause:
03-08 13:15:14.591 E/EmkatGlide(23406): com.bumptech.glide.load.HttpException()
03-08 13:15:14.591 E/EmkatGlide(23406):  call GlideException#logRootCauses(String) for more detail
03-08 13:15:14.591 E/EmkatGlide(23406):   Cause (1 of 1): class com.bumptech.glide.load.engine.GlideException: Fetching data failed, class java.io.InputStream, REMOTE
03-08 13:15:14.591 E/EmkatGlide(23406): There was 1 cause:
03-08 13:15:14.591 E/EmkatGlide(23406): com.bumptech.glide.load.HttpException()
03-08 13:15:14.591 E/EmkatGlide(23406):  call GlideException#logRootCauses(String) for more detail
03-08 13:15:14.591 E/EmkatGlide(23406):     Cause (1 of 1): class com.bumptech.glide.load.HttpException: 
03-08 13:15:14.591 D/RenderEngine( 2076): [Task=11925#19141] set isRequiresLinearEffect false when dimming ratio equals 1.
03-08 13:15:14.591 D/RenderEngine( 2076): [com.tananaev.logcat/com.tananaev.logcat.GoogleActivity#19346] set isRequiresLinearEffect false when dimming ratio equals 1.
03-08 13:15:14.591 D/RenderEngine( 2076): [Caption of Task==11925#19352] set isRequiresLinearEffect false when dimming ratio equals 1.

03-08 13:15:14.593 W/Glide   (23406): Load failed for https://media.micu.hk:443/Items/407598/Images/Primary?maxWidth=400&maxHeight=600&quality=80 with size [313x176]
03-08 13:15:14.593 W/Glide   (23406): class com.bumptech.glide.load.engine.GlideException: Failed to load resource
03-08 13:15:14.593 W/Glide   (23406): There was 1 cause:
03-08 13:15:14.593 W/Glide   (23406): com.bumptech.glide.load.HttpException()
03-08 13:15:14.593 W/Glide   (23406):  call GlideException#logRootCauses(String) for more detail
03-08 13:15:14.593 W/Glide   (23406):   Cause (1 of 1): class com.bumptech.glide.load.engine.GlideException: Fetching data failed, class java.io.InputStream, REMOTE
03-08 13:15:14.593 W/Glide   (23406): There was 1 cause:
03-08 13:15:14.593 W/Glide   (23406): com.bumptech.glide.load.HttpException()
03-08 13:15:14.593 W/Glide   (23406):  call GlideException#logRootCauses(String) for more detail
03-08 13:15:14.593 W/Glide   (23406):     Cause (1 of 1): class com.bumptech.glide.load.HttpException: 
03-08 13:15:14.594 I/Glide   (23406): Root cause (1 of 1)
03-08 13:15:14.594 I/Glide   (23406): com.bumptech.glide.load.HttpException: 
03-08 13:15:14.594 I/Glide   (23406): 	at com.bumptech.glide.integration.okhttp3.OkHttpStreamFetcher.onResponse(OkHttpStreamFetcher.java:73)
03-08 13:15:14.594 I/Glide   (23406): 	at okhttp3.RealCall$AsyncCall.execute(RealCall.java:203)
03-08 13:15:14.594 I/Glide   (23406): 	at okhttp3.internal.NamedRunnable.run(NamedRunnable.java:32)
03-08 13:15:14.594 I/Glide   (23406): 	at java.util.concurrent.ThreadPoolExecutor.runWorker(ThreadPoolExecutor.java:1156)
03-08 13:15:14.594 I/Glide   (23406): 	at java.util.concurrent.ThreadPoolExecutor$Worker.run(ThreadPoolExecutor.java:651)
03-08 13:15:14.594 I/Glide   (23406): 	at java.lang.Thread.run(Thread.java:1126)
03-08 13:15:14.595 E/EmkatGlide(23406): 海报加载失败: Failed to load resource
03-08 13:15:14.595 E/EmkatGlide(23406): There was 1 cause:
03-08 13:15:14.595 E/EmkatGlide(23406): com.bumptech.glide.load.HttpException()
03-08 13:15:14.595 E/EmkatGlide(23406):  call GlideException#logRootCauses(String) for more detail
03-08 13:15:14.595 E/EmkatGlide(23406): class com.bumptech.glide.load.engine.GlideException: Failed to load resource
03-08 13:15:14.595 E/EmkatGlide(23406): There was 1 cause:
03-08 13:15:14.595 E/EmkatGlide(23406): com.bumptech.glide.load.HttpException()
03-08 13:15:14.595 E/EmkatGlide(23406):  call GlideException#logRootCauses(String) for more detail
03-08 13:15:14.595 E/EmkatGlide(23406):   Cause (1 of 1): class com.bumptech.glide.load.engine.GlideException: Fetching data failed, class java.io.InputStream, REMOTE
03-08 13:15:14.595 E/EmkatGlide(23406): There was 1 cause:
03-08 13:15:14.595 E/EmkatGlide(23406): com.bumptech.glide.load.HttpException()
03-08 13:15:14.595 E/EmkatGlide(23406):  call GlideException#logRootCauses(String) for more detail
03-08 13:15:14.595 E/EmkatGlide(23406):     Cause (1 of 1): class com.bumptech.glide.load.HttpException: 

03-08 13:15:29.973 E/EmkatGlide(23406): 海报加载失败: Failed to load resource
03-08 13:15:29.973 E/EmkatGlide(23406): There was 1 cause:
03-08 13:15:29.973 E/EmkatGlide(23406): com.bumptech.glide.load.HttpException()
03-08 13:15:29.973 E/EmkatGlide(23406):  call GlideException#logRootCauses(String) for more detail
03-08 13:15:29.973 E/EmkatGlide(23406): class com.bumptech.glide.load.engine.GlideException: Failed to load resource
03-08 13:15:29.973 E/EmkatGlide(23406): There was 1 cause:
03-08 13:15:29.973 E/EmkatGlide(23406): com.bumptech.glide.load.HttpException()
03-08 13:15:29.973 E/EmkatGlide(23406):  call GlideException#logRootCauses(String) for more detail
03-08 13:15:29.973 E/EmkatGlide(23406):   Cause (1 of 1): class com.bumptech.glide.load.engine.GlideException: Fetching data failed, class java.io.InputStream, REMOTE
03-08 13:15:29.973 E/EmkatGlide(23406): There was 1 cause:
03-08 13:15:29.973 E/EmkatGlide(23406): com.bumptech.glide.load.HttpException()
03-08 13:15:29.973 E/EmkatGlide(23406):  call GlideException#logRootCauses(String) for more detail
03-08 13:15:29.973 E/EmkatGlide(23406):     Cause (1 of 1): class com.bumptech.glide.load.HttpException: 
03-08 13:15:29.974 D/OkHttp  (23406): <-- 404 https://media.micu.hk/Items/9998/Images/Primary?maxWidth=400&maxHeight=600&quality=80 (214ms, 43-byte body)
03-08 13:15:29.975 D/OkHttp  (23406): <-- 404 https://media.micu.hk/Items/407592/Images/Primary?maxWidth=400&maxHeight=600&quality=80 (215ms, 45-byte body)

03-08 13:15:29.983 I/Glide   (23406): Root cause (1 of 1)
03-08 13:15:29.983 I/Glide   (23406): com.bumptech.glide.load.HttpException: 
03-08 13:15:29.983 I/Glide   (23406): 	at com.bumptech.glide.integration.okhttp3.OkHttpStreamFetcher.onResponse(OkHttpStreamFetcher.java:73)
03-08 13:15:29.983 I/Glide   (23406): 	at okhttp3.RealCall$AsyncCall.execute(RealCall.java:203)
03-08 13:15:29.983 I/Glide   (23406): 	at okhttp3.internal.NamedRunnable.run(NamedRunnable.java:32)
03-08 13:15:29.983 I/Glide   (23406): 	at java.util.concurrent.ThreadPoolExecutor.runWorker(ThreadPoolExecutor.java:1156)
03-08 13:15:29.983 I/Glide   (23406): 	at java.util.concurrent.ThreadPoolExecutor$Worker.run(ThreadPoolExecutor.java:651)
03-08 13:15:29.983 I/Glide   (23406): 	at java.lang.Thread.run(Thread.java:1126)
03-08 13:15:29.984 I/Ads     (23857): Use RequestConfiguration.Builder().setTestDeviceIds(Arrays.asList("4E51D01961483853153748F4A029607B")) to get test ads on this device.
03-08 13:15:29.986 E/EmkatGlide(23406): 海报加载失败: Failed to load resource
03-08 13:15:29.986 E/EmkatGlide(23406): There was 1 cause:
03-08 13:15:29.986 E/EmkatGlide(23406): com.bumptech.glide.load.HttpException()
03-08 13:15:29.986 E/EmkatGlide(23406):  call GlideException#logRootCauses(String) for more detail
03-08 13:15:29.986 E/EmkatGlide(23406): class com.bumptech.glide.load.engine.GlideException: Failed to load resource
03-08 13:15:29.986 E/EmkatGlide(23406): There was 1 cause:
03-08 13:15:29.986 E/EmkatGlide(23406): com.bumptech.glide.load.HttpException()
03-08 13:15:29.986 E/EmkatGlide(23406):  call GlideException#logRootCauses(String) for more detail
03-08 13:15:29.986 E/EmkatGlide(23406):   Cause (1 of 1): class com.bumptech.glide.load.engine.GlideException: Fetching data failed, class java.io.InputStream, REMOTE
03-08 13:15:29.986 E/EmkatGlide(23406): There was 1 cause:
03-08 13:15:29.986 E/EmkatGlide(23406): com.bumptech.glide.load.HttpException()
03-08 13:15:29.986 E/EmkatGlide(23406):  call GlideException#logRootCauses(String) for more detail
03-08 13:15:29.986 E/EmkatGlide(23406):     Cause (1 of 1): class com.bumptech.glide.load.HttpException: 
03-08 13:15:29.987 I/sensors-hal( 1851): handle_sns_std_sensor_event:170, ambient_light_event: ts=35170478401592, lux = 60, cct=5721, aod=1542,1352 5721 1048 4892 512 0 0 0 0 0 0 0 0

03-08 13:15:30.003 E/EmkatGlide(23406): 海报加载失败: Failed to load resource
03-08 13:15:30.003 E/EmkatGlide(23406): There was 1 cause:
03-08 13:15:30.003 E/EmkatGlide(23406): com.bumptech.glide.load.HttpException()
03-08 13:15:30.003 E/EmkatGlide(23406):  call GlideException#logRootCauses(String) for more detail
03-08 13:15:30.003 E/EmkatGlide(23406): class com.bumptech.glide.load.engine.GlideException: Failed to load resource
03-08 13:15:30.003 E/EmkatGlide(23406): There was 1 cause:
03-08 13:15:30.003 E/EmkatGlide(23406): com.bumptech.glide.load.HttpException()
03-08 13:15:30.003 E/EmkatGlide(23406):  call GlideException#logRootCauses(String) for more detail
03-08 13:15:30.003 E/EmkatGlide(23406):   Cause (1 of 1): class com.bumptech.glide.load.engine.GlideException: Fetching data failed, class java.io.InputStream, REMOTE
03-08 13:15:30.003 E/EmkatGlide(23406): There was 1 cause:
03-08 13:15:30.003 E/EmkatGlide(23406): com.bumptech.glide.load.HttpException()
03-08 13:15:30.003 E/EmkatGlide(23406):  call GlideException#logRootCauses(String) for more detail
03-08 13:15:30.003 E/EmkatGlide(23406):     Cause (1 of 1): class com.bumptech.glide.load.HttpException: 
03-08 13:15:30.007 W/Glide   (23406): Load failed for https://media.micu.hk:443/Items/9998/Images/Primary?maxWidth=400&maxHeight=600&quality=80 with size [313x176]
03-08 13:15:30.007 W/Glide   (23406): class com.bumptech.glide.load.engine.GlideException: Failed to load resource
03-08 13:15:30.007 W/Glide   (23406): There was 1 cause:
03-08 13:15:30.007 W/Glide   (23406): com.bumptech.glide.load.HttpException()
03-08 13:15:30.007 W/Glide   (23406):  call GlideException#logRootCauses(String) for more detail
03-08 13:15:30.007 W/Glide   (23406):   Cause (1 of 1): class com.bumptech.glide.load.engine.GlideException: Fetching data failed, class java.io.InputStream, REMOTE
03-08 13:15:30.007 W/Glide   (23406): There was 1 cause:
03-08 13:15:30.007 W/Glide   (23406): com.bumptech.glide.load.HttpException()
03-08 13:15:30.007 W/Glide   (23406):  call GlideException#logRootCauses(String) for more detail
03-08 13:15:30.007 W/Glide   (23406):     Cause (1 of 1): class com.bumptech.glide.load.HttpException: 
03-08 13:15:30.009 I/Glide   (23406): Root cause (1 of 1)

03-08 13:15:30.009 I/Glide   (23406): com.bumptech.glide.load.HttpException: 
03-08 13:15:30.009 I/Glide   (23406): 	at com.bumptech.glide.integration.okhttp3.OkHttpStreamFetcher.onResponse(OkHttpStreamFetcher.java:73)
03-08 13:15:30.009 I/Glide   (23406): 	at okhttp3.RealCall$AsyncCall.execute(RealCall.java:203)
03-08 13:15:30.009 I/Glide   (23406): 	at okhttp3.internal.NamedRunnable.run(NamedRunnable.java:32)
03-08 13:15:30.009 I/Glide   (23406): 	at java.util.concurrent.ThreadPoolExecutor.runWorker(ThreadPoolExecutor.java:1156)
03-08 13:15:30.009 I/Glide   (23406): 	at java.util.concurrent.ThreadPoolExecutor$Worker.run(ThreadPoolExecutor.java:651)
03-08 13:15:30.009 I/Glide   (23406): 	at java.lang.Thread.run(Thread.java:1126)
03-08 13:15:30.009 E/EmkatGlide(23406): 海报加载失败: Failed to load resource
03-08 13:15:30.009 E/EmkatGlide(23406): There was 1 cause:
03-08 13:15:30.009 E/EmkatGlide(23406): com.bumptech.glide.load.HttpException()
03-08 13:15:30.009 E/EmkatGlide(23406):  call GlideException#logRootCauses(String) for more detail
03-08 13:15:30.009 E/EmkatGlide(23406): class com.bumptech.glide.load.engine.GlideException: Failed to load resource
03-08 13:15:30.009 E/EmkatGlide(23406): There was 1 cause:
03-08 13:15:30.009 E/EmkatGlide(23406): com.bumptech.glide.load.HttpException()
03-08 13:15:30.009 E/EmkatGlide(23406):  call GlideException#logRootCauses(String) for more detail
03-08 13:15:30.009 E/EmkatGlide(23406):   Cause (1 of 1): class com.bumptech.glide.load.engine.GlideException: Fetching data failed, class java.io.InputStream, REMOTE
03-08 13:15:30.009 E/EmkatGlide(23406): There was 1 cause:
03-08 13:15:30.009 E/EmkatGlide(23406): com.bumptech.glide.load.HttpException()
03-08 13:15:30.009 E/EmkatGlide(23406):  call GlideException#logRootCauses(String) for more detail
03-08 13:15:30.009 E/EmkatGlide(23406):     Cause (1 of 1): class com.bumptech.glide.load.HttpException: 
03-08 13:15:30.010 W/Glide   (23406): Load failed for https://media.micu.hk:443/Items/407592/Images/Primary?maxWidth=400&maxHeight=600&quality=80 with size [313x176]
03-08 13:15:30.010 W/Glide   (23406): class com.bumptech.glide.load.engine.GlideException: Failed to load resource
03-08 13:15:30.010 W/Glide   (23406): There was 1 cause:
03-08 13:15:30.010 W/Glide   (23406): com.bumptech.glide.load.HttpException()
03-08 13:15:30.010 W/Glide   (23406):  call GlideException#logRootCauses(String) for more detail
03-08 13:15:30.010 W/Glide   (23406):   Cause (1 of 1): class com.bumptech.glide.load.engine.GlideException: Fetching data failed, class java.io.InputStream, REMOTE
03-08 13:15:30.010 W/Glide   (23406): There was 1 cause:
03-08 13:15:30.010 W/Glide   (23406): com.bumptech.glide.load.HttpException()
03-08 13:15:30.010 W/Glide   (23406):  call GlideException#logRootCauses(String) for more detail
03-08 13:15:30.010 W/Glide   (23406):     Cause (1 of 1): class com.bumptech.glide.load.HttpException: 
03-08 13:15:30.011 I/Glide   (23406): Root cause (1 of 1)
03-08 13:15:30.011 I/Glide   (23406): com.bumptech.glide.load.HttpException: 
03-08 13:15:30.011 I/Glide   (23406): 	at com.bumptech.glide.integration.okhttp3.OkHttpStreamFetcher.onResponse(OkHttpStreamFetcher.java:73)
03-08 13:15:30.011 I/Glide   (23406): 	at okhttp3.RealCall$AsyncCall.execute(RealCall.java:203)
03-08 13:15:30.011 I/Glide   (23406): 	at okhttp3.internal.NamedRunnable.run(NamedRunnable.java:32)
03-08 13:15:30.011 I/Glide   (23406): 	at java.util.concurrent.ThreadPoolExecutor.runWorker(ThreadPoolExecutor.java:1156)
03-08 13:15:30.011 I/Glide   (23406): 	at java.util.concurrent.ThreadPoolExecutor$Worker.run(ThreadPoolExecutor.java:651)
03-08 13:15:30.011 I/Glide   (23406): 	at java.lang.Thread.run(Thread.java:1126)

03-08 13:15:30.011 E/EmkatGlide(23406): 海报加载失败: Failed to load resource
03-08 13:15:30.011 E/EmkatGlide(23406): There was 1 cause:
03-08 13:15:30.011 E/EmkatGlide(23406): com.bumptech.glide.load.HttpException()
03-08 13:15:30.011 E/EmkatGlide(23406):  call GlideException#logRootCauses(String) for more detail
03-08 13:15:30.011 E/EmkatGlide(23406): class com.bumptech.glide.load.engine.GlideException: Failed to load resource
03-08 13:15:30.011 E/EmkatGlide(23406): There was 1 cause:
03-08 13:15:30.011 E/EmkatGlide(23406): com.bumptech.glide.load.HttpException()
03-08 13:15:30.011 E/EmkatGlide(23406):  call GlideException#logRootCauses(String) for more detail
03-08 13:15:30.011 E/EmkatGlide(23406):   Cause (1 of 1): class com.bumptech.glide.load.engine.GlideException: Fetching data failed, class java.io.InputStream, REMOTE
03-08 13:15:30.011 E/EmkatGlide(23406): There was 1 cause:
03-08 13:15:30.011 E/EmkatGlide(23406): com.bumptech.glide.load.HttpException()
03-08 13:15:30.011 E/EmkatGlide(23406):  call GlideException#logRootCauses(String) for more detail
03-08 13:15:30.011 E/EmkatGlide(23406):     Cause (1 of 1): class com.bumptech.glide.load.HttpException: 
03-08 13:15:30.012 V/AudioManager(23857): getMode...
03-08 13:15:30.013 I/AS.AudioService( 2919): getMode mode = 0
03-08 13:15:30.013 V/AudioManager(23857): isMusicActive...
03-08 13:15:30.014 W/ServiceBindIntentUtils(23857): Dynamic lookup for intent failed for action: com.google.android.gms.ads.service.CACHE
03-08 13:15:30.014 W/AudioPolicyService( 2058):  [1000] is the service

03-08 13:15:30.145 E/libc    (25054): SetHeapTaggingLevel: re-enabling tagging after it was disabled is not supported
03-08 13:15:30.151 D/OkHttp  (23406): <-- 404 https://media.micu.hk/Items/407595/Images/Primary?maxWidth=400&maxHeight=600&quality=80 (182ms, 45-byte body)
03-08 13:15:30.152 W/Glide   (23406): Load failed for https://media.micu.hk:443/Items/407595/Images/Primary?maxWidth=400&maxHeight=600&quality=80 with size [313x176]
03-08 13:15:30.152 W/Glide   (23406): class com.bumptech.glide.load.engine.GlideException: Failed to load resource
03-08 13:15:30.152 W/Glide   (23406): There was 1 cause:
03-08 13:15:30.152 W/Glide   (23406): com.bumptech.glide.load.HttpException()
03-08 13:15:30.152 W/Glide   (23406):  call GlideException#logRootCauses(String) for more detail
03-08 13:15:30.152 W/Glide   (23406):   Cause (1 of 1): class com.bumptech.glide.load.engine.GlideException: Fetching data failed, class java.io.InputStream, REMOTE
03-08 13:15:30.152 W/Glide   (23406): There was 1 cause:
03-08 13:15:30.152 W/Glide   (23406): com.bumptech.glide.load.HttpException()
03-08 13:15:30.152 W/Glide   (23406):  call GlideException#logRootCauses(String) for more detail
03-08 13:15:30.152 W/Glide   (23406):     Cause (1 of 1): class com.bumptech.glide.load.HttpException: 
03-08 13:15:30.152 D/OkHttp  (23406): <-- 404 https://media.micu.hk/Items/3936/Images/Primary?maxWidth=400&maxHeight=600&quality=80 (185ms, 43-byte body)
03-08 13:15:30.152 I/Glide   (23406): Root cause (1 of 1)
03-08 13:15:30.152 I/Glide   (23406): com.bumptech.glide.load.HttpException: 
03-08 13:15:30.152 I/Glide   (23406): 	at com.bumptech.glide.integration.okhttp3.OkHttpStreamFetcher.onResponse(OkHttpStreamFetcher.java:73)
03-08 13:15:30.152 I/Glide   (23406): 	at okhttp3.RealCall$AsyncCall.execute(RealCall.java:203)
03-08 13:15:30.152 I/Glide   (23406): 	at okhttp3.internal.NamedRunnable.run(NamedRunnable.java:32)
03-08 13:15:30.152 I/Glide   (23406): 	at java.util.concurrent.ThreadPoolExecutor.runWorker(ThreadPoolExecutor.java:1156)
03-08 13:15:30.152 I/Glide   (23406): 	at java.util.concurrent.ThreadPoolExecutor$Worker.run(ThreadPoolExecutor.java:651)
03-08 13:15:30.152 I/Glide   (23406): 	at java.lang.Thread.run(Thread.java:1126)
03-08 13:15:30.153 E/EmkatGlide(23406): 海报加载失败: Failed to load resource
03-08 13:15:30.153 E/EmkatGlide(23406): There was 1 cause:
03-08 13:15:30.153 E/EmkatGlide(23406): com.bumptech.glide.load.HttpException()
03-08 13:15:30.153 E/EmkatGlide(23406):  call GlideException#logRootCauses(String) for more detail
03-08 13:15:30.153 E/EmkatGlide(23406): class com.bumptech.glide.load.engine.GlideException: Failed to load resource
03-08 13:15:30.153 E/EmkatGlide(23406): There was 1 cause:
03-08 13:15:30.153 E/EmkatGlide(23406): com.bumptech.glide.load.HttpException()
03-08 13:15:30.153 E/EmkatGlide(23406):  call GlideException#logRootCauses(String) for more detail
03-08 13:15:30.153 E/EmkatGlide(23406):   Cause (1 of 1): class com.bumptech.glide.load.engine.GlideException: Fetching data failed, class java.io.InputStream, REMOTE
03-08 13:15:30.153 E/EmkatGlide(23406): There was 1 cause:
03-08 13:15:30.153 E/EmkatGlide(23406): com.bumptech.glide.load.HttpException()
03-08 13:15:30.153 E/EmkatGlide(23406):  call GlideException#logRootCauses(String) for more detail
03-08 13:15:30.153 E/EmkatGlide(23406):     Cause (1 of 1): class com.bumptech.glide.load.HttpException: 
03-08 13:15:30.154 I/Zygote  (25054): CallStaticVoidMethod

03-08 13:15:30.176 I/WifiEnhanceMonitor( 2919): notifyUidStateChanged
03-08 13:15:30.176 E/WifiEnhanceUtils( 2919): Failed to get pkgName from 99046 ,pkgNames is null or empty
03-08 13:15:30.177 E/EmkatGlide(23406): 海报加载失败: Failed to load resource
03-08 13:15:30.177 E/EmkatGlide(23406): There was 1 cause:
03-08 13:15:30.177 E/EmkatGlide(23406): com.bumptech.glide.load.HttpException()
03-08 13:15:30.177 E/EmkatGlide(23406):  call GlideException#logRootCauses(String) for more detail
03-08 13:15:30.177 E/EmkatGlide(23406): class com.bumptech.glide.load.engine.GlideException: Failed to load resource
03-08 13:15:30.177 E/EmkatGlide(23406): There was 1 cause:
03-08 13:15:30.177 E/EmkatGlide(23406): com.bumptech.glide.load.HttpException()
03-08 13:15:30.177 E/EmkatGlide(23406):  call GlideException#logRootCauses(String) for more detail
03-08 13:15:30.177 E/EmkatGlide(23406):   Cause (1 of 1): class com.bumptech.glide.load.engine.GlideException: Fetching data failed, class java.io.InputStream, REMOTE
03-08 13:15:30.177 E/EmkatGlide(23406): There was 1 cause:
03-08 13:15:30.177 E/EmkatGlide(23406): com.bumptech.glide.load.HttpException()
03-08 13:15:30.177 E/EmkatGlide(23406):  call GlideException#logRootCauses(String) for more detail
03-08 13:15:30.177 E/EmkatGlide(23406):     Cause (1 of 1): class com.bumptech.glide.load.HttpException: 

03-08 13:15:30.183 D/RenderEngine( 2076): [com.tananaev.logcat/com.tananaev.logcat.GoogleActivity#19346] set isRequiresLinearEffect false when dimming ratio equals 1.
03-08 13:15:30.183 D/RenderEngine( 2076): [Caption of Task==11925#19352] set isRequiresLinearEffect false when dimming ratio equals 1.
03-08 13:15:30.183 E/EmkatGlide(23406): 海报加载失败: Failed to load resource
03-08 13:15:30.183 E/EmkatGlide(23406): There was 1 cause:
03-08 13:15:30.183 E/EmkatGlide(23406): com.bumptech.glide.load.HttpException()
03-08 13:15:30.183 E/EmkatGlide(23406):  call GlideException#logRootCauses(String) for more detail
03-08 13:15:30.183 E/EmkatGlide(23406): class com.bumptech.glide.load.engine.GlideException: Failed to load resource
03-08 13:15:30.183 E/EmkatGlide(23406): There was 1 cause:
03-08 13:15:30.183 E/EmkatGlide(23406): com.bumptech.glide.load.HttpException()
03-08 13:15:30.183 E/EmkatGlide(23406):  call GlideException#logRootCauses(String) for more detail
03-08 13:15:30.183 E/EmkatGlide(23406):   Cause (1 of 1): class com.bumptech.glide.load.engine.GlideException: Fetching data failed, class java.io.InputStream, REMOTE
03-08 13:15:30.183 E/EmkatGlide(23406): There was 1 cause:
03-08 13:15:30.183 E/EmkatGlide(23406): com.bumptech.glide.load.HttpException()
03-08 13:15:30.183 E/EmkatGlide(23406):  call GlideException#logRootCauses(String) for more detail
03-08 13:15:30.183 E/EmkatGlide(23406):     Cause (1 of 1): class com.bumptech.glide.load.HttpException: 
03-08 13:15:30.184 E/HwApsManager(25054): checkApsManagerService->service is not started yet

03-08 13:15:30.190 E/HwApsManager(25054): checkApsManagerService->service is not started yet
03-08 13:15:30.190 E/EmkatGlide(23406): 海报加载失败: Failed to load resource
03-08 13:15:30.190 E/EmkatGlide(23406): There was 1 cause:
03-08 13:15:30.190 E/EmkatGlide(23406): com.bumptech.glide.load.HttpException()
03-08 13:15:30.190 E/EmkatGlide(23406):  call GlideException#logRootCauses(String) for more detail
03-08 13:15:30.190 E/EmkatGlide(23406): class com.bumptech.glide.load.engine.GlideException: Failed to load resource
03-08 13:15:30.190 E/EmkatGlide(23406): There was 1 cause:
03-08 13:15:30.190 E/EmkatGlide(23406): com.bumptech.glide.load.HttpException()
03-08 13:15:30.190 E/EmkatGlide(23406):  call GlideException#logRootCauses(String) for more detail
03-08 13:15:30.190 E/EmkatGlide(23406):   Cause (1 of 1): class com.bumptech.glide.load.engine.GlideException: Fetching data failed, class java.io.InputStream, REMOTE
03-08 13:15:30.190 E/EmkatGlide(23406): There was 1 cause:
03-08 13:15:30.190 E/EmkatGlide(23406): com.bumptech.glide.load.HttpException()
03-08 13:15:30.190 E/EmkatGlide(23406):  call GlideException#logRootCauses(String) for more detail
03-08 13:15:30.190 E/EmkatGlide(23406):     Cause (1 of 1): class com.bumptech.glide.load.HttpException: 

03-08 13:15:30.196 E/EmkatGlide(23406): 海报加载失败: Failed to load resource
03-08 13:15:30.196 E/EmkatGlide(23406): There was 1 cause:
03-08 13:15:30.196 E/EmkatGlide(23406): com.bumptech.glide.load.HttpException()
03-08 13:15:30.196 E/EmkatGlide(23406):  call GlideException#logRootCauses(String) for more detail
03-08 13:15:30.196 E/EmkatGlide(23406): class com.bumptech.glide.load.engine.GlideException: Failed to load resource
03-08 13:15:30.196 E/EmkatGlide(23406): There was 1 cause:
03-08 13:15:30.196 E/EmkatGlide(23406): com.bumptech.glide.load.HttpException()
03-08 13:15:30.196 E/EmkatGlide(23406):  call GlideException#logRootCauses(String) for more detail
03-08 13:15:30.196 E/EmkatGlide(23406):   Cause (1 of 1): class com.bumptech.glide.load.engine.GlideException: Fetching data failed, class java.io.InputStream, REMOTE
03-08 13:15:30.196 E/EmkatGlide(23406): There was 1 cause:
03-08 13:15:30.196 E/EmkatGlide(23406): com.bumptech.glide.load.HttpException()
03-08 13:15:30.196 E/EmkatGlide(23406):  call GlideException#logRootCauses(String) for more detail
03-08 13:15:30.196 E/EmkatGlide(23406):     Cause (1 of 1): class com.bumptech.glide.load.HttpException: 

03-08 13:15:33.835 D/OkHttp  (23406): --> GET https://media.micu.hk/Items/9998/Images/Primary?maxWidth=400&maxHeight=600&quality=80
03-08 13:15:33.836 I/PNP-NMS-10.0.19.316-19065078-NotificationResultProcessor( 2919): msg://com.follow.clash/com.follow.clash?style=100011100101&prob=69&pass=true&reason=Success
03-08 13:15:33.836 E/afehal  ( 2121): Send cmd:C7 3A 
03-08 13:15:33.836 D/vendor.honor.hardware.aoservice-service( 1930): [AO_SVC] (reopen_timer_handler:52):enter reopen handler
03-08 13:15:33.836 D/OkHttp  (23406): --> GET https://media.micu.hk/Items/407596/Images/Primary?maxWidth=400&maxHeight=600&quality=80
03-08 13:15:33.837 E/afehal  ( 2121): Set timeout=1300ms.
03-08 13:15:33.838 I/PNP-NMS-10.0.19.316-19065078-NcRecordDbDataSource( 2919): addOrUpdate:1
03-08 13:15:33.838 D/OkHttp  (23406): <-- 404 https://media.micu.hk/Items/407593/Images/Primary?maxWidth=400&maxHeight=600&quality=80 (229ms, 45-byte body)
03-08 13:15:33.838 E/EmkatGlide(23406): 海报加载失败: Failed to load resource
03-08 13:15:33.838 E/EmkatGlide(23406): There was 1 cause:
03-08 13:15:33.838 E/EmkatGlide(23406): com.bumptech.glide.load.HttpException()
03-08 13:15:33.838 E/EmkatGlide(23406):  call GlideException#logRootCauses(String) for more detail
03-08 13:15:33.838 E/EmkatGlide(23406): class com.bumptech.glide.load.engine.GlideException: Failed to load resource
03-08 13:15:33.838 E/EmkatGlide(23406): There was 1 cause:
03-08 13:15:33.838 E/EmkatGlide(23406): com.bumptech.glide.load.HttpException()
03-08 13:15:33.838 E/EmkatGlide(23406):  call GlideException#logRootCauses(String) for more detail
03-08 13:15:33.838 E/EmkatGlide(23406):   Cause (1 of 1): class com.bumptech.glide.load.engine.GlideException: Fetching data failed, class java.io.InputStream, REMOTE
03-08 13:15:33.838 E/EmkatGlide(23406): There was 1 cause:
03-08 13:15:33.838 E/EmkatGlide(23406): com.bumptech.glide.load.HttpException()
03-08 13:15:33.838 E/EmkatGlide(23406):  call GlideException#logRootCauses(String) for more detail
03-08 13:15:33.838 E/EmkatGlide(23406):     Cause (1 of 1): class com.bumptech.glide.load.HttpException: 

03-08 13:15:33.849 E/EmkatGlide(23406): 海报加载失败: Failed to load resource
03-08 13:15:33.849 E/EmkatGlide(23406): There was 1 cause:
03-08 13:15:33.849 E/EmkatGlide(23406): com.bumptech.glide.load.HttpException()
03-08 13:15:33.849 E/EmkatGlide(23406):  call GlideException#logRootCauses(String) for more detail
03-08 13:15:33.849 E/EmkatGlide(23406): class com.bumptech.glide.load.engine.GlideException: Failed to load resource
03-08 13:15:33.849 E/EmkatGlide(23406): There was 1 cause:
03-08 13:15:33.849 E/EmkatGlide(23406): com.bumptech.glide.load.HttpException()
03-08 13:15:33.849 E/EmkatGlide(23406):  call GlideException#logRootCauses(String) for more detail
03-08 13:15:33.849 E/EmkatGlide(23406):   Cause (1 of 1): class com.bumptech.glide.load.engine.GlideException: Fetching data failed, class java.io.InputStream, REMOTE
03-08 13:15:33.849 E/EmkatGlide(23406): There was 1 cause:
03-08 13:15:33.849 E/EmkatGlide(23406): com.bumptech.glide.load.HttpException()
03-08 13:15:33.849 E/EmkatGlide(23406):  call GlideException#logRootCauses(String) for more detail
03-08 13:15:33.849 E/EmkatGlide(23406):     Cause (1 of 1): class com.bumptech.glide.load.HttpException: 

03-08 13:15:33.859 E/EmkatGlide(23406): 海报加载失败: Failed to load resource
03-08 13:15:33.859 E/EmkatGlide(23406): There was 1 cause:
03-08 13:15:33.859 E/EmkatGlide(23406): com.bumptech.glide.load.HttpException()
03-08 13:15:33.859 E/EmkatGlide(23406):  call GlideException#logRootCauses(String) for more detail
03-08 13:15:33.859 E/EmkatGlide(23406): class com.bumptech.glide.load.engine.GlideException: Failed to load resource
03-08 13:15:33.859 E/EmkatGlide(23406): There was 1 cause:
03-08 13:15:33.859 E/EmkatGlide(23406): com.bumptech.glide.load.HttpException()
03-08 13:15:33.859 E/EmkatGlide(23406):  call GlideException#logRootCauses(String) for more detail
03-08 13:15:33.859 E/EmkatGlide(23406):   Cause (1 of 1): class com.bumptech.glide.load.engine.GlideException: Fetching data failed, class java.io.InputStream, REMOTE
03-08 13:15:33.859 E/EmkatGlide(23406): There was 1 cause:
03-08 13:15:33.859 E/EmkatGlide(23406): com.bumptech.glide.load.HttpException()
03-08 13:15:33.859 E/EmkatGlide(23406):  call GlideException#logRootCauses(String) for more detail
03-08 13:15:33.859 E/EmkatGlide(23406):     Cause (1 of 1): class com.bumptech.glide.load.HttpException: 

03-08 13:15:33.865 D/RenderEngine( 2076): [com.tananaev.logcat/com.tananaev.logcat.GoogleActivity#19346] set isRequiresLinearEffect false when dimming ratio equals 1.
03-08 13:15:33.866 D/RenderEngine( 2076): [Caption of Task==11925#19352] set isRequiresLinearEffect false when dimming ratio equals 1.
03-08 13:15:33.867 E/EmkatGlide(23406): 海报加载失败: Failed to load resource
03-08 13:15:33.867 E/EmkatGlide(23406): There was 1 cause:
03-08 13:15:33.867 E/EmkatGlide(23406): com.bumptech.glide.load.HttpException()
03-08 13:15:33.867 E/EmkatGlide(23406):  call GlideException#logRootCauses(String) for more detail
03-08 13:15:33.867 E/EmkatGlide(23406): class com.bumptech.glide.load.engine.GlideException: Failed to load resource
03-08 13:15:33.867 E/EmkatGlide(23406): There was 1 cause:
03-08 13:15:33.867 E/EmkatGlide(23406): com.bumptech.glide.load.HttpException()
03-08 13:15:33.867 E/EmkatGlide(23406):  call GlideException#logRootCauses(String) for more detail
03-08 13:15:33.867 E/EmkatGlide(23406):   Cause (1 of 1): class com.bumptech.glide.load.engine.GlideException: Fetching data failed, class java.io.InputStream, REMOTE
03-08 13:15:33.867 E/EmkatGlide(23406): There was 1 cause:
03-08 13:15:33.867 E/EmkatGlide(23406): com.bumptech.glide.load.HttpException()
03-08 13:15:33.867 E/EmkatGlide(23406):  call GlideException#logRootCauses(String) for more detail
03-08 13:15:33.867 E/EmkatGlide(23406):     Cause (1 of 1): class com.bumptech.glide.load.HttpException: 

03-08 13:15:33.875 E/EmkatGlide(23406): 海报加载失败: Failed to load resource
03-08 13:15:33.875 E/EmkatGlide(23406): There was 1 cause:
03-08 13:15:33.875 E/EmkatGlide(23406): com.bumptech.glide.load.HttpException()
03-08 13:15:33.875 E/EmkatGlide(23406):  call GlideException#logRootCauses(String) for more detail
03-08 13:15:33.875 E/EmkatGlide(23406): class com.bumptech.glide.load.engine.GlideException: Failed to load resource
03-08 13:15:33.875 E/EmkatGlide(23406): There was 1 cause:
03-08 13:15:33.875 E/EmkatGlide(23406): com.bumptech.glide.load.HttpException()
03-08 13:15:33.875 E/EmkatGlide(23406):  call GlideException#logRootCauses(String) for more detail
03-08 13:15:33.875 E/EmkatGlide(23406):   Cause (1 of 1): class com.bumptech.glide.load.engine.GlideException: Fetching data failed, class java.io.InputStream, REMOTE
03-08 13:15:33.875 E/EmkatGlide(23406): There was 1 cause:
03-08 13:15:33.875 E/EmkatGlide(23406): com.bumptech.glide.load.HttpException()
03-08 13:15:33.875 E/EmkatGlide(23406):  call GlideException#logRootCauses(String) for more detail
03-08 13:15:33.875 E/EmkatGlide(23406):     Cause (1 of 1): class com.bumptech.glide.load.HttpException: 

03-08 13:15:34.048 E/EmkatGlide(23406): 海报加载失败: Failed to load resource
03-08 13:15:34.048 E/EmkatGlide(23406): There was 1 cause:
03-08 13:15:34.048 E/EmkatGlide(23406): com.bumptech.glide.load.HttpException()
03-08 13:15:34.048 E/EmkatGlide(23406):  call GlideException#logRootCauses(String) for more detail
03-08 13:15:34.048 E/EmkatGlide(23406): class com.bumptech.glide.load.engine.GlideException: Failed to load resource
03-08 13:15:34.048 E/EmkatGlide(23406): There was 1 cause:
03-08 13:15:34.048 E/EmkatGlide(23406): com.bumptech.glide.load.HttpException()
03-08 13:15:34.048 E/EmkatGlide(23406):  call GlideException#logRootCauses(String) for more detail
03-08 13:15:34.048 E/EmkatGlide(23406):   Cause (1 of 1): class com.bumptech.glide.load.engine.GlideException: Fetching data failed, class java.io.InputStream, REMOTE
03-08 13:15:34.048 E/EmkatGlide(23406): There was 1 cause:
03-08 13:15:34.048 E/EmkatGlide(23406): com.bumptech.glide.load.HttpException()
03-08 13:15:34.048 E/EmkatGlide(23406):  call GlideException#logRootCauses(String) for more detail
03-08 13:15:34.048 E/EmkatGlide(23406):     Cause (1 of 1): class com.bumptech.glide.load.HttpException: 

03-08 13:15:34.074 I/NotificationListener( 3973): onNotificationPosted: sbn.key=0|com.follow.clash|1|null|10283 important=2, flags 106, post=1772946933831, when=1772945163892,showWhen=true, vis=0, hasFullScreenIntent=false, style=null, isNonDismissable=false
03-08 13:15:34.075 W/MediaDataManager( 3973): onNotificationAdded key:0|com.follow.clash|1|null|10283 isMediaNotification:falseuseQsMediaPlayer istrue
03-08 13:15:34.075 I/MediaDataManager( 3973): isCustomMediaNoti, key:0|com.follow.clash|1|null|10283 false
03-08 13:15:34.075 I/GlobalDynCoordinator( 3973): pkgName = com.follow.clash channel = FlClash
03-08 13:15:34.075 I/GlobalDynCoordinator( 3973): Updated, entry is disabled
03-08 13:15:34.076 W/HwNotificationEntryObserver( 3973): reportNT failed, more than 2000, sbn=0|com.follow.clash|1|null|10283
03-08 13:15:34.077 D/AWARENESS_RedEnvelopeAbility( 6754): publish RedEnvelopeBean PackageName=com.follow.clash
03-08 13:15:34.078 D/AWARENESS_RedEnvelopeFence( 6754): onDataReceive data=200022001
03-08 13:15:34.078 E/AWARENESS_RedEnvelopeFence( 6754): not subscripPackageName or subscripMsgContent=com.follow.clash
03-08 13:15:34.079 D/RenderEngine( 2076): [HnFreeformBackground of Task=11925#19354] set isRequiresLinearEffect false when dimming ratio equals 1.
03-08 13:15:34.079 D/RenderEngine( 2076): [Task=11925#19141] set isRequiresLinearEffect false when dimming ratio equals 1.
03-08 13:15:34.079 D/RenderEngine( 2076): [com.tananaev.logcat/com.tananaev.logcat.GoogleActivity#19346] set isRequiresLinearEffect false when dimming ratio equals 1.
03-08 13:15:34.079 D/RenderEngine( 2076): [Caption of Task==11925#19352] set isRequiresLinearEffect false when dimming ratio equals 1.
03-08 13:15:34.081 W/Glide   (23406): Load failed for https://media.micu.hk:443/Items/407596/Images/Primary?maxWidth=400&maxHeight=600&quality=80 with size [313x176]
03-08 13:15:34.081 W/Glide   (23406): class com.bumptech.glide.load.engine.GlideException: Failed to load resource
03-08 13:15:34.081 W/Glide   (23406): There was 1 cause:
03-08 13:15:34.081 W/Glide   (23406): com.bumptech.glide.load.HttpException()
03-08 13:15:34.081 W/Glide   (23406):  call GlideException#logRootCauses(String) for more detail
03-08 13:15:34.081 W/Glide   (23406):   Cause (1 of 1): class com.bumptech.glide.load.engine.GlideException: Fetching data failed, class java.io.InputStream, REMOTE
03-08 13:15:34.081 W/Glide   (23406): There was 1 cause:
03-08 13:15:34.081 W/Glide   (23406): com.bumptech.glide.load.HttpException()
03-08 13:15:34.081 W/Glide   (23406):  call GlideException#logRootCauses(String) for more detail
03-08 13:15:34.081 W/Glide   (23406):     Cause (1 of 1): class com.bumptech.glide.load.HttpException: 
03-08 13:15:34.082 I/Glide   (23406): Root cause (1 of 1)
03-08 13:15:34.082 I/Glide   (23406): com.bumptech.glide.load.HttpException: 
03-08 13:15:34.082 I/Glide   (23406): 	at com.bumptech.glide.integration.okhttp3.OkHttpStreamFetcher.onResponse(OkHttpStreamFetcher.java:73)
03-08 13:15:34.082 I/Glide   (23406): 	at okhttp3.RealCall$AsyncCall.execute(RealCall.java:203)
03-08 13:15:34.082 I/Glide   (23406): 	at okhttp3.internal.NamedRunnable.run(NamedRunnable.java:32)
