03-08 13:15:34.082 I/Glide   (23406): 	at java.util.concurrent.ThreadPoolExecutor.runWorker(ThreadPoolExecutor.java:1156)
03-08 13:15:34.082 I/Glide   (23406): 	at java.util.concurrent.ThreadPoolExecutor$Worker.run(ThreadPoolExecutor.java:651)
03-08 13:15:34.082 I/Glide   (23406): 	at java.lang.Thread.run(Thread.java:1126)
03-08 13:15:34.082 E/PowerLogWrite( 2919): write new power event, from uid:1000,tag:161,msg:10283|1|-2|NotificationManagerService:post:com.follow.clash
03-08 13:15:34.083 E/EmkatGlide(23406): 海报加载失败: Failed to load resource
03-08 13:15:34.083 E/EmkatGlide(23406): There was 1 cause:
03-08 13:15:34.083 E/EmkatGlide(23406): com.bumptech.glide.load.HttpException()
03-08 13:15:34.083 E/EmkatGlide(23406):  call GlideException#logRootCauses(String) for more detail
03-08 13:15:34.083 E/EmkatGlide(23406): class com.bumptech.glide.load.engine.GlideException: Failed to load 
resource
03-08 13:15:34.083 E/EmkatGlide(23406): There was 1 cause:
03-08 13:15:34.083 E/EmkatGlide(23406): com.bumptech.glide.load.HttpException()
03-08 13:15:34.083 E/EmkatGlide(23406):  call GlideException#logRootCauses(String) for more detail
03-08 13:15:34.083 E/EmkatGlide(23406):   Cause (1 of 1): class com.bumptech.glide.load.engine.GlideException: Fetching data failed, class java.io.InputStream, REMOTE
03-08 13:15:34.083 E/EmkatGlide(23406): There was 1 cause:
03-08 13:15:34.083 E/EmkatGlide(23406): com.bumptech.glide.load.HttpException()
03-08 13:15:34.083 E/EmkatGlide(23406):  call GlideException#logRootCauses(String) for more detail
03-08 13:15:34.083 E/EmkatGlide(23406):     Cause (1 of 1): class com.bumptech.glide.load.HttpException: 
03-08 13:15:34.083 I/PowerManagerService( 2919): need release WakeLockSuspendBlocker
03-08 13:15:34.083 I/PowerManagerService( 2919): Releasing suspend blocker "PowerManagerService.WakeLocks".
03-08 13:15:34.083 D/HnNotificationUtils( 3973): SmallIconBitMapMaxSize:112
03-08 13:15:34.083 I/HnNotificationUtils( 3973): getAppSmallIconInfo#use app icon:pkgName=com.follow.clash
03-08 13:15:34.083 I/power   ( 2919): release wakelock: PowerManagerService.WakeLocks
03-08 13:15:34.083 I/android.system.suspend-service( 1185): decSuspendCounter-- success,name:PowerManagerService.WakeLocks mUseSuspendCounter:1 mSuspendCounter:3: Success
03-08 13:15:34.084 D/OkHttp  (23406): <-- 404 https://media.micu.hk/Items/2639/Images/Primary?maxWidth=400&maxHeight=600&quality=80 (243ms, 43-byte body)
03-08 13:15:34.086 W/Glide   (23406): Load failed for https://media.micu.hk:443/Items/407595/Images/Primary?maxWidth=400&maxHeight=600&quality=80 with size [313x176]
03-08 13:15:34.086 W/Glide   (23406): class com.bumptech.glide.load.engine.GlideException: Failed to load resource
03-08 13:15:34.086 W/Glide   (23406): There was 1 cause:
03-08 13:15:34.086 W/Glide   (23406): com.bumptech.glide.load.HttpException()
03-08 13:15:34.086 W/Glide   (23406):  call GlideException#logRootCauses(String) for more detail
03-08 13:15:34.086 W/Glide   (23406):   Cause (1 of 1): class com.bumptech.glide.load.engine.GlideException: Fetching data failed, class java.io.InputStream, REMOTE
03-08 13:15:34.086 W/Glide   (23406): There was 1 cause:
03-08 13:15:34.086 W/Glide   (23406): com.bumptech.glide.load.HttpException()
03-08 13:15:34.086 W/Glide   (23406):  call GlideException#logRootCauses(String) for more detail
03-08 13:15:34.086 W/Glide   (23406):     Cause (1 of 1): class com.bumptech.glide.load.HttpException: 
03-08 13:15:34.087 I/Glide   (23406): Root cause (1 of 1)
03-08 13:15:34.087 I/Glide   (23406): com.bumptech.glide.load.HttpException: 
03-08 13:15:34.087 I/Glide   (23406): 	at com.bumptech.glide.integration.okhttp3.OkHttpStreamFetcher.onResponse(OkHttpStreamFetcher.java:73)
03-08 13:15:34.087 I/Glide   (23406): 	at okhttp3.RealCall$AsyncCall.execute(RealCall.java:203)
03-08 13:15:34.087 I/Glide   (23406): 	at okhttp3.internal.NamedRunnable.run(NamedRunnable.java:32)
03-08 13:15:34.087 I/Glide   (23406): 	at java.util.concurrent.ThreadPoolExecutor.runWorker(ThreadPoolExecutor.java:1156)
03-08 13:15:34.087 I/Glide   (23406): 	at java.util.concurrent.ThreadPoolExecutor$Worker.run(ThreadPoolExecutor.java:651)
03-08 13:15:34.087 I/Glide   (23406): 	at java.lang.Thread.run(Thread.java:1126)
03-08 13:15:34.088 D/TileViewModel( 3973): getQQSTileHeight:217 isNoLabelContainer：true
03-08 13:15:34.088 E/EmkatGlide(23406): 海报加载失败: Failed to load resource
03-08 13:15:34.088 E/EmkatGlide(23406): There was 1 cause:
03-08 13:15:34.088 E/EmkatGlide(23406): com.bumptech.glide.load.HttpException()
03-08 13:15:34.088 E/EmkatGlide(23406):  call GlideException#logRootCauses(String) for more detail
03-08 13:15:34.088 E/EmkatGlide(23406): class com.bumptech.glide.load.engine.GlideException: Failed to load resource
03-08 13:15:34.088 E/EmkatGlide(23406): There was 1 cause:
03-08 13:15:34.088 E/EmkatGlide(23406): com.bumptech.glide.load.HttpException()
03-08 13:15:34.088 E/EmkatGlide(23406):  call GlideException#logRootCau
ses(String) for more detail
03-08 13:15:34.088 E/EmkatGlide(23406):   Cause (1 of 1): class com.bumptech.glide.load.engine.GlideException: Fetching data failed, class java.io.InputStream, REMOTE
03-08 13:15:34.088 E/EmkatGlide(23406): There was 1 cause:
03-08 13:15:34.088 E/EmkatGlide(23406): com.bumptech.glide.load.HttpException()
03-08 13:15:34.088 E/EmkatGlide(23406):  call GlideException#logRootCauses(String) for more detail
03-08 13:15:34.088 E/EmkatGlide(23406):     Cause (1 of 1): class com.bumptech.glide.load.HttpException: 
03-08 13:15:34.088 D/HnQSPanelViewModel( 3973): getQQSHeight isLabelHidden:true qqsHeight:507 tileHeight:217 vMargin:59 resRow:2 topBottomPadding:7
03-08 13:15:34.088 D/TileViewModel( 3973): getQQSTileHeight:217 isNoLabelContainer：true
03-08 13:15:34.088 D/HnQSPanelViewModel( 3973): getFullExpandHeight tileNumbers:29 rows:8, verticalMargin：59 tileHeight:217 height:2149 true
03-08 13:15:34.090 W/Glide   (23406): Load failed for https://media.micu.hk:443/Items/8857/Images/Primary?maxWidth=400&maxHeight=600&quality=80 with size [313x176]
03-08 13:15:34.090 W/Glide   (23406): class com.bumptech.glide.load.engine.GlideException: Failed to load resource
03-08 13:15:34.090 W/Glide   (23406): There was 1 cause:
03-08 13:15:34.090 W/Glide   (23406): com.bumptech.glide.load.HttpException()
03-08 13:15:34.090 W/Glide   (23406):  call GlideException#logRootCauses(String) for more detail
03-08 13:15:34.090 W/Glide   (23406):   Cause (1 of 1): class com.bumptech.glide.load.engine.GlideException: Fetching data failed, class java.io.InputStream, REMOTE
03-08 13:15:34.090 W/Glide   (23406): There was 1 cause:
03-08 13:15:34.090 W/Glide   (23406): com.bumptech.glide.load.HttpException()
03-08 13:15:34.090 W/Glide   (23406):  call GlideException#logRootCauses(String) for more detail
03-08 13:15:34.090 W/Glide   (23406):     Cause (1 of 1): class com.bumptech.glide.load.HttpException: 
03-08 13:15:34.090 I/NotifySyncService_14100_14971(14100): MSG_NOTIFY_POSTED 
03-08 13:15:34.090 I/NotifySyncService_14100_14971(14100): onNotificationPosted Id:1 key:0|com.follow.clash|1|null|10283 PackageName:com.follow.clash IsOngoing:true PostTime:1772946933831 currentDeviceModel.connected: true
03-08 13:15:34.091 I/HWUI    ( 3973): android_view_RenderNode_setLayerType NotificationContentView, LayerType 0
03-08 13:15:34.091 I/Glide   (23406): Root cause (1 of 1)
03-08 13:15:34.091 I/Glide   (23406): com.bumptech.glide.load.HttpException: 
03-08 13:15:34.091 I/Glide   (23406): 	at com.bumptech.glide.integration.okhttp3.OkHttpStreamFetcher.onResponse(OkHttpStreamFetcher.java:73)
03-08 13:15:34.091 I/Glide   (23406): 	at okhttp3.RealCall$AsyncCall.execute(RealCall.java:203)
03-08 13:15:34.091 I/Glide   (23406): 	at okhttp3.internal.NamedRunnable.run(NamedRunnable.java:32)
03-08 13:15:34.091 I/Glide   (23406): 	at java.util.concurrent.ThreadPoolExecutor.runWorker(ThreadPoolExecutor.java:1156)
03-08 13:15:34.091 I/Glide   (23406): 	at java.util.concurrent.ThreadPoolExecutor$Worker.run(ThreadPoolExecutor.java:651)
03-08 13:15:34.091 I/Glide   (23406): 	at java.lang.Thread.run(Thread.java:1126)
03-08 13:15:34.092 E/EmkatGlide(23406): 海报加载失败: Failed to load resource
03-08 13:15:34.092 E/EmkatGlide(23406): There was 1 cause:
03-08 13:15:34.092 E/EmkatGlide(23406): com.bumptech.glide.load.HttpException()
03-08 13:15:34.092 E/EmkatGlide(23406):  call GlideException#logRootCauses(String) for more detail
03-08 13:15:34.092 E/EmkatGlide(23406): class com.bumptech.glide.load.engine.GlideException: Failed to load resource
03-08 13:15:34.092 E/EmkatGlide(23406): There was 1 cause:
03-08 13:15:34.092 E/EmkatGlide(23406): com.bumptech.glide.load.HttpException()
03-08 13:15:34.092 E/EmkatGlide(23406):  call GlideException#logRootCauses(String) for more detail
03-08 13:15:34.092 E/EmkatGlide(23406):   Cause (1 of 1): class com.bumptech.glide.load.engine.GlideException: Fetching data failed, class java.io.InputStream, REMOTE
03-08 13:15:34.092 E/EmkatGlide(23406): There was 1 cause:
03-08 13:15:34.092 E/EmkatGlide(23406): com.bumpte
ch.glide.load.HttpException()
03-08 13:15:34.092 E/EmkatGlide(23406):  call GlideException#logRootCauses(String) for more detail
03-08 13:15:34.092 E/EmkatGlide(23406):     Cause (1 of 1): class com.bumptech.glide.load.HttpException: 
03-08 13:15:34.092 I/NotifySyncService_14100_14971(14100): onNotificationPosted Id:1 , appName : FlClash
03-08 13:15:34.093 I/NotifyLogUtils_14100_32659(14100): isIgnoringBatteryOptimizations false
03-08 13:15:34.094 I/AccountManagerService_14100_10494(14100): log: getAccounts: accountType com.xiaomi, caller's uid 10447, pid 14100
03-08 13:15:34.094 I/NotifySyncService_14100_14971(14100):  isOngoing = true isIncomingCall = false
03-08 13:15:34.094 I/HwNotificationEx( 3973): preActionButton
03-08 13:15:34.094 I/SecureDatabase_14100_10494(14100): log: query: accounts, columns=[_id,type,name], selection=null, selectionArgs=null, groupBy=null, having=null, orderBy=null, limit=null
03-08 13:15:34.094 I/SecureDatabase_14100_10494(14100): log: query: cursor count=1
03-08 13:15:34.095 I/SecureDatabase_14100_10494(14100): log: query: row=[1,com.xiaomi,2752253847]
03-08 13:15:34.095 I/AccountManagerService_14100_10494(14100): log: validateAccountsAndPopulateCache>>>accountId=1 accountType=com.xiaomi accountName=2752253847
03-08 13:15:34.095 I/AccountManagerService_14100_10494(14100): log: getAccounts: accountType com.xiaomi, caller's uid 10447, pid 14100
03-08 13:15:34.095 I/AccountManagerService_14100_32659(14100): log: getAccounts: accountType com.xiaomi, caller's uid 10447, pid 14100
03-08 13:15:34.095 I/SecureDatabase_14100_10494(14100): log: query: accounts, columns=[_id,type,name], selection=null, selectionArgs=null, groupBy=null, having=null, orderBy=null, limit=null
03-08 13:15:34.095 I/SecureDatabase_14100_10494(14100): log: query: cursor count=1
03-08 13:15:34.096 D/RenderEngine( 2076): [HnFreeformBackground of Task=11925#19354] set isRequiresLinearEffect false when dimming ratio equals 1.
03-08 13:15:34.096 D/RenderEngine( 2076): [Task=11925#19141] set isRequiresLinearEffect false when dimming ratio equals 1.
03-08 13:15:34.096 D/RenderEngine( 2076): [com.tananaev.logcat/com.tananaev.logcat.GoogleActivity#19346] set isRequiresLinearEffect false when dimming ratio equals 1.
03-08 13:15:34.096 D/RenderEngine( 2076): [Caption of Task==11925#19352] set isRequiresLinearEffect false when dimming ratio equals 1.
03-08 13:15:34.097 I/SecureDatabase_14100_10494(14100): log: query: row=[1,com.xiaomi,2752253847]
03-08 13:15:34.097 I/osfingersense( 2919): wait_tp_event: tp
03-08 13:15:34.098 I/osfingersense( 2919): wait_tp_event: wait tp event in: 19079160864
03-08 13:15:34.098 I/sensors-hal( 1851): input_event_handler:575, input event type = 4
03-08 13:15:34.098 I/sensors-hal( 1851): input_event_handler:577, type=4 4 1000
03-08 13:15:34.098 I/sensors-hal( 1851): input_event_handler:581, Sending request to get fs_data
03-08 13:15:34.098 I/sensors-hal( 1851): send_finger_enable_req:186, send_finger_enable_req: start, req flag = 1000
03-08 13:15:34.098 I/sensors-hal( 1851): register_cb:333, update callbacks with new one
03-08 13:15:34.098 I/aptouch_daemon( 2121): print_log, touch:1, TGA_DAE_DOWN:1 (+0)
03-08 13:15:34.098 I/sensors-hal( 1851): input_event_handler:584, Fs_data req data flag
03-08 13:15:34.098 D/fingersense_manager( 2919): Calling fingersense_classify_touch()
03-08 13:15:34.098 I/sensors-hal( 1851): input_event_handler:575, input event type = 0
03-08 13:15:34.098 I/AccountManagerService_14100_10494(14100): log: validateAccountsAndPopulateCache>>>accountId=1 accountType=com.xiaomi accountName=2752253847
03-08 13:15:34.099 I/VendorButton( 3973): Auto size enable is false
03-08 13:15:34.099 I/SecureDatabase_14100_32659(14100): log: query: accounts, columns=[_id,type,name], selection=null, selectionArgs=null, groupBy=null, having=null, orderBy=null, limit=null
03-08 13:15:34.099 I/SecureDatabase_14100_32659(14100): log: query: cursor count=1

03-08 13:15:34.108 W/Glide   (23406): com.bumptech.glide.load.HttpException()
03-08 13:15:34.108 W/Glide   (23406):  call GlideException#logRootCauses(String) for more detail
03-08 13:15:34.108 W/Glide   (23406):   Cause (1 of 1): class com.bumptech.glide.load.engine.GlideException: Fetching data failed, class java.io.InputStream, REMOTE
03-08 13:15:34.108 W/Glide   (23406): There was 1 cause:
03-08 13:15:34.108 W/Glide   (23406): com.bumptech.glide.load.HttpException()
03-08 13:15:34.108 W/Glide   (23406):  call GlideException#logRootCauses(String) for more detail
03-08 13:15:34.108 W/Glide   (23406):     Cause (1 of 1): class com.bumptech.glide.load.HttpException: 
03-08 13:15:34.108 I/SurfaceFlingerEx( 2076): notifyVrrBoost VRR 1 --- 0
03-08 13:15:34.108 I/Scheduler( 2076): onVRRBoostEvent type: TOUCH status: ENTER
03-08 13:15:34.109 I/Glide   (23406): Root cause (1 of 1)
03-08 13:15:34.109 I/Glide   (23406): com.bumptech.glide.load.HttpException: 
03-08 13:15:34.109 I/Glide   (23406): 	at com.bumptech.glide.integration.okhttp3.OkHttpStreamFetcher.onResponse(OkHttpStreamFetcher.java:73)
03-08 13:15:34.109 I/Glide   (23406): 	at okhttp3.RealCall$AsyncCall.execute(RealCall.java:203)
03-08 13:15:34.109 I/Glide   (23406): 	at okhttp3.internal.NamedRunnable.run(NamedRunnable.java:32)
03-08 13:15:34.109 I/Glide   (23406): 	at java.util.concurrent.ThreadPoolExecutor.runWorker(ThreadPoolExecutor.java:1156)
03-08 13:15:34.109 I/Glide   (23406): 	at java.util.concurrent.ThreadPoolExecutor$Worker.run(ThreadPoolExecutor.java:651)
03-08 13:15:34.109 I/Glide   (23406): 	at java.lang.Thread.run(Thread.java:1126)
03-08 13:15:34.109 I/PG_ash  ( 4246): onInputHookEvent
03-08 13:15:34.109 D/CpuGovernor( 4246): handleAction: action id=231 time=1772946934109 Flag=1 name=touch_up pkg=1019823 com.tananaev.logcat/com.tananaev.logcat.GoogleActivity
03-08 13:15:34.110 E/EmkatGlide(23406): 海报加载失败: Failed to load resource
03-08 13:15:34.110 E/EmkatGlide(23406): There was 1 cause:
03-08 13:15:34.110 E/EmkatGlide(23406): com.bumptech.glide.load.HttpException()
03-08 13:15:34.110 E/EmkatGlide(23406):  call GlideException#logRootCauses(String) for more detail
03-08 13:15:34.110 E/EmkatGlide(23406): class com.bumptech.glide.load.engine.GlideException: Failed to load resource
03-08 13:15:34.110 E/EmkatGlide(23406): There was 1 cause:
03-08 13:15:34.110 E/EmkatGlide(23406): com.bumptech.glide.load.HttpException()
03-08 13:15:34.110 E/EmkatGlide(23406):  call GlideException#logRootCauses(String) for more detail
03-08 13:15:34.110 E/EmkatGlide(23406):   Cause (1 of 1): class com.bumptech.glide.load.engine.GlideException: Fetching data failed, class java.io.InputStream, REMOTE
03-08 13:15:34.110 E/EmkatGlide(23406): There was 1 cause:
03-08 13:15:34.110 E/EmkatGlide(23406): com.bumptech.glide.load.HttpException()
03-08 13:15:34.110 E/EmkatGlide(23406):  call GlideException#logRootCauses(String) for more detail
03-08 13:15:34.110 E/EmkatGlide(23406):     Cause (1 of 1): class com.bumptech.glide.load.HttpException: 
03-08 13:15:34.112 D/RenderEngine( 2076): [HnFreeformBackground of Task=11925#19354] set isRequiresLinearEffect false when dimming ratio equals 1.
03-08 13:15:34.113 D/RenderEngine( 2076): [Task=11925#19141] set isRequiresLinearEffect false when dimming ratio equals 1.
03-08 13:15:34.113 D/RenderEngine( 2076): [com.tananaev.logcat/com.tananaev.logcat.GoogleActivity#19346] set isRequiresLinearEffect false when dimming ratio equals 1.
03-08 13:15:34.113 D/RenderEngine( 2076): [Caption of Task==11925#19352] set isRequiresLinearEffect false when dimming ratio equals 1.

