03-08 13:15:09.889 D/RenderEngine( 2076): [HnFreeformBackground of Task=11925#19354] set isRequiresLinearEffect false when dimming ratio equals 1.
03-08 13:15:09.889 D/RenderEngine( 2076): [Task=11925#19141] set isRequiresLinearEffect false when dimming ratio equals 1.
03-08 13:15:09.889 D/RenderEngine( 2076): [com.tananaev.logcat/com.tananaev.logcat.GoogleActivity#19346] set isRequiresLinearEffect false when dimming ratio equals 1.
03-08 13:15:09.889 D/RenderEngine( 2076): [Caption of Task==11925#19352] set isRequiresLinearEffect false when dimming ratio equals 1.
03-08 13:15:09.890 I/Booster_OllieObserver( 4170): notify registrants event: EVENT_QOE_INFO_CHANGED
03-08 13:15:09.893 D/DataSampleChr( 4170): Phy TX 0 RX 0
03-08 13:15:09.893 D/DataSampleChr( 4170): L2 TX 0 RX 0
03-08 13:15:09.893 D/DataSampleChr( 4170): Trans TX 0 RX 0
03-08 13:15:09.893 D/DataSampleChr( 4170): Cur time 1772946909893
03-08 13:15:09.893 D/DataSampleChr( 4170): qoeReason 0 subReason 0
03-08 13:15:09.893 W/Glide   (23406): Load failed for https://media.micu.hk:443/Items/407590/Images/Primary?maxWidth=400&maxHeight=600&quality=80 with size [313x176]
03-08 13:15:09.893 W/Glide   (23406): class com.bumptech.glide.load.engine.GlideException: Failed to load resource
03-08 13:15:09.893 W/Glide   (23406): There was 1 cause:
03-08 13:15:09.893 W/Glide   (23406): com.bumptech.glide.load.HttpException()
03-08 13:15:09.893 W/Glide   (23406):  call GlideException#logRootCauses(String) for more detail
03-08 13:15:09.893 W/Glide   (23406):   Cause (1 of 1): class com.bumptech.glide.load.engine.GlideException: Fetching data failed, class java.io.InputStream, REMOTE
03-08 13:15:09.893 W/Glide   (23406): There was 1 cause:
03-08 13:15:09.893 W/Glide   (23406): com.bumptech.glide.load.HttpException()
03-08 13:15:09.893 W/Glide   (23406):  call GlideException#logRootCauses(String) for more detail
03-08 13:15:09.893 W/Glide   (23406):     Cause (1 of 1): class com.bumptech.glide.load.HttpException: 
03-08 13:15:09.893 I/Glide   (23406): Root cause (1 of 1)
03-08 13:15:09.893 I/Glide   (23406): com.bumptech.glide.load.HttpException: 
03-08 13:15:09.893 I/Glide   (23406): 	at com.bumptech.glide.integration.okhttp3.OkHttpStreamFetcher.onResponse(OkHttpStreamFetcher.java:73)
03-08 13:15:09.893 I/Glide   (23406): 	at okhttp3.RealCall$AsyncCall.execute(RealCall.java:203)
03-08 13:15:09.893 I/Glide   (23406): 	at okhttp3.internal.NamedRunnable.run(NamedRunnable.java:32)
03-08 13:15:09.893 I/Glide   (23406): 	at java.util.concurrent.ThreadPoolExecutor.runWorker(ThreadPoolExecutor.java:1156)
03-08 13:15:09.893 I/Glide   (23406): 	at java.util.concurrent.ThreadPoolExecutor$Worker.run(ThreadPoolExecutor.java:651)
03-08 13:15:09.893 I/Glide   (23406): 	at java.lang.Thread.run(Thread.java:1126)
03-08 13:15:09.894 E/EmkatGlide(23406): 海报加载失败: Failed to load resource
03-08 13:15:09.894 E/EmkatGlide(23406): There was 1 cause:
03-08 13:15:09.894 E/EmkatGlide(23406): com.bumptech.glide.load.HttpException()
03-08 13:15:09.894 E/EmkatGlide(23406):  call GlideException#logRootCauses(String) for more detail
03-08 13:15:09.894 E/EmkatGlide(23406): class com.bumptech.glide.load.engine.GlideException: Failed to load resource
03-08 13:15:09.894 E/EmkatGlide(23406): There was 1 cause:
03-08 13:15:09.894 E/EmkatGlide(23406): com.bumptech.glide.load.HttpException()
03-08 13:15:09.894 E/EmkatGlide(23406):  call GlideException#logRootCauses(String) for more detail
03-08 13:15:09.894 E/EmkatGlide(23406):   Cause (1 of 1): class com.bumptech.glide.load.engine.GlideException: Fetching data failed, class java.io.InputStream, REMOTE
03-08 13:15:09.894 E/EmkatGlide(23406): There was 1 cause:
03-08 13:15:09.894 E/EmkatGlide(23406): com.bumptech.glide.load.HttpException()
03-08 13:15:09.894 E/EmkatGlide(23406):  call GlideException#logRootCauses(String) for more detail
03-08 13:15:09.894 E/EmkatGlide(23406):     Cause (1 of 1): class com.bumptech.glide.load.HttpException: 
03-08 13:15:09.895 D/Linkturbo_NetworkQoeManager( 4170): getChannelQuality: {"channelId":1,"qoeLevel":4,"reason":0}
03-
08 13:15:09.895 W/Glide   (23406): Load failed for https://media.micu.hk:443/Items/6389/Images/Primary?maxWidth=400&maxHeight=600&quality=80 with size [313x176]
03-08 13:15:09.895 W/Glide   (23406): class com.bumptech.glide.load.engine.GlideException: Failed to load resource
03-08 13:15:09.895 W/Glide   (23406): There was 1 cause:
03-08 13:15:09.895 W/Glide   (23406): com.bumptech.glide.load.HttpException()
03-08 13:15:09.895 W/Glide   (23406):  call GlideException#logRootCauses(String) for more detail
03-08 13:15:09.895 W/Glide   (23406):   Cause (1 of 1): class com.bumptech.glide.load.engine.GlideException: Fetching data failed, class java.io.InputStream, REMOTE
03-08 13:15:09.895 W/Glide   (23406): There was 1 cause:
03-08 13:15:09.895 W/Glide   (23406): com.bumptech.glide.load.HttpException()
03-08 13:15:09.895 W/Glide   (23406):  call GlideException#logRootCauses(String) for more detail
03-08 13:15:09.895 W/Glide   (23406):     Cause (1 of 1): class com.bumptech.glide.load.HttpException: 
03-08 13:15:09.895 D/Linkturbo_NetworkQoeManager( 4170): getChannelQuality: {"channelId":0,"qoeLevel":4,"reason":0}
03-08 13:15:09.896 I/Linkturbo_EmcomUtils( 4170): multipathPolicy is null
03-08 13:15:09.896 I/Glide   (23406): Root cause (1 of 1)
03-08 13:15:09.896 I/Glide   (23406): com.bumptech.glide.load.HttpException: 
03-08 13:15:09.896 I/Glide   (23406): 	at com.bumptech.glide.integration.okhttp3.OkHttpStreamFetcher.onResponse(OkHttpStreamFetcher.java:73)
03-08 13:15:09.896 I/Glide   (23406): 	at okhttp3.RealCall$AsyncCall.execute(RealCall.java:203)
03-08 13:15:09.896 I/Glide   (23406): 	at okhttp3.internal.NamedRunnable.run(NamedRunnable.java:32)
03-08 13:15:09.896 I/Glide   (23406): 	at java.util.concurrent.ThreadPoolExecutor.runWorker(ThreadPoolExecutor.java:1156)
03-08 13:15:09.896 I/Glide   (23406): 	at java.util.concurrent.ThreadPoolExecutor$Worker.run(ThreadPoolExecutor.java:651)
03-08 13:15:09.896 I/Glide   (23406): 	at java.lang.Thread.run(Thread.java:1126)
03-08 13:15:09.896 D/Linkturbo_PolicyCenter( 4170): update rssi from qoe
03-08 13:15:09.896 E/EmkatGlide(23406): 海报加载失败: Failed to load resource
03-08 13:15:09.896 E/EmkatGlide(23406): There was 1 cause:
03-08 13:15:09.896 E/EmkatGlide(23406): com.bumptech.glide.load.HttpException()
03-08 13:15:09.896 E/EmkatGlide(23406):  call GlideException#logRootCauses(String) for more detail
03-08 13:15:09.896 E/EmkatGlide(23406): class com.bumptech.glide.load.engine.GlideException: Failed to load resource
03-08 13:15:09.896 E/EmkatGlide(23406): There was 1 cause:
03-08 13:15:09.896 E/EmkatGlide(23406): com.bumptech.glide.load.HttpException()
03-08 13:15:09.896 E/EmkatGlide(23406):  call GlideException#logRootCauses(String) for more detail
03-08 13:15:09.896 E/EmkatGlide(23406):   Cause (1 of 1): class com.bumptech.glide.load.engine.GlideException: Fetching data failed, class java.io.InputStream, REMOTE
03-08 13:15:09.896 E/EmkatGlide(23406): There was 1 cause:
03-08 13:15:09.896 E/EmkatGlide(23406): com.bumptech.glide.load.HttpException()
03-08 13:15:09.896 E/EmkatGlide(23406):  call GlideException#logRootCauses(String) for more detail
03-08 13:15:09.896 E/EmkatGlide(23406):     Cause (1 of 1): class com.bumptech.glide.load.HttpException: 
03-08 13:15:09.897 I/NetworkQoeMonitor( 4170): dataQualityReport:10254,4,0,0,2,0,4,0,200,0,0,0,10,0,0,0,0,2,4,0,0,52000,117000,10,10,0,26,53,0,0,2,768000,1048576,-53; channelQos: 2,0,0,4,0,0,0,0,2,6,6,7,0,0,0; subReason: 0,0,0,0,0,0,0,0,2,0,0,0,0,0,0,0,0,0,2,0,0,0,0,0,0,0,0; appDetectedRules: 0,0,0,0; flowQuality: 10254,2,-1,-1,-1; faultType: 0; faultDomain: 0; appQoe confidence: -1
03-08 13:15:09.898 D/UserSceneNetworkSpeedStats( 4170): handleQoeInfoChanged, uid: 10254, qoeSpeedRecordNum: 8, RX: 0 kbps, TX: 0 kbps

03-08 13:15:09.915 I/Glide   (23406): Root cause (1 of 1)
03-08 13:15:09.915 I/Glide   (23406): com.bumptech.glide.load.HttpException: 
03-08 13:15:09.915 I/Glide   (23406): 	at com.bumptech.glide.integration.okhttp3.OkHttpStreamFetcher.onResponse(OkHttpStreamFetcher.java:73)
03-08 13:15:09.915 I/Glide   (23406): 	at okhttp3.RealCall$AsyncCall.execute(RealCall.java:203)
03-08 13:15:09.915 I/Glide   (23406): 	at okhttp3.internal.NamedRunnable.run(NamedRunnable.java:32)
03-08 13:15:09.915 I/Glide   (23406): 	at java.util.concurrent.ThreadPoolExecutor.runWorker(ThreadPoolExecutor.java:1156)
03-08 13:15:09.915 I/Glide   (23406): 	at java.util.concurrent.ThreadPoolExecutor$Worker.run(ThreadPoolExecutor.java:651)
03-08 13:15:09.915 I/Glide   (23406): 	at java.lang.Thread.run(Thread.java:1126)
03-08 13:15:09.916 E/EmkatGlide(23406): 海报加载失败: Failed to load resource
03-08 13:15:09.916 E/EmkatGlide(23406): There was 1 cause:
03-08 13:15:09.916 E/EmkatGlide(23406): com.bumptech.glide.load.HttpException()
03-08 13:15:09.916 E/EmkatGlide(23406):  call GlideException#logRootCauses(String) for more detail
03-08 13:15:09.916 E/EmkatGlide(23406): class com.bumptech.glide.load.engine.GlideException: Failed to load resource
03-08 13:15:09.916 E/EmkatGlide(23406): There was 1 cause:
03-08 13:15:09.916 E/EmkatGlide(23406): com.bumptech.glide.load.HttpException()
03-08 13:15:09.916 E/EmkatGlide(23406):  call GlideException#logRootCauses(String) for more detail
03-08 13:15:09.916 E/EmkatGlide(23406):   Cause (1 of 1): class com.bumptech.glide.load.engine.GlideException: Fetching data failed, class java.io.InputStream, REMOTE
03-08 13:15:09.916 E/EmkatGlide(23406): There was 1 cause:
03-08 13:15:09.916 E/EmkatGlide(23406): com.bumptech.glide.load.HttpException()
03-08 13:15:09.916 E/EmkatGlide(23406):  call GlideException#logRootCauses(String) for more detail
03-08 13:15:09.916 E/EmkatGlide(23406):     Cause (1 of 1): class com.bumptech.glide.load.HttpException: 

03-08 13:15:09.917 I/Glide   (23406): Root cause (1 of 1)
03-08 13:15:09.917 I/Glide   (23406): com.bumptech.glide.load.HttpException: 
03-08 13:15:09.917 I/Glide   (23406): 	at com.bumptech.glide.integration.okhttp3.OkHttpStreamFetcher.onResponse(OkHttpStreamFetcher.java:73)
03-08 13:15:09.917 I/Glide   (23406): 	at okhttp3.RealCall$AsyncCall.execute(RealCall.java:203)
03-08 13:15:09.917 I/Glide   (23406): 	at okhttp3.internal.NamedRunnable.run(NamedRunnable.java:32)
03-08 13:15:09.917 I/Glide   (23406): 	at java.util.concurrent.ThreadPoolExecutor.runWorker(ThreadPoolExecutor.java:1156)
03-08 13:15:09.917 I/Glide   (23406): 	at java.util.concurrent.ThreadPoolExecutor$Worker.run(ThreadPoolExecutor.java:651)
03-08 13:15:09.917 I/Glide   (23406): 	at java.lang.Thread.run(Thread.java:1126)
03-08 13:15:09.918 E/EmkatGlide(23406): 海报加载失败: Failed to load resource
03-08 13:15:09.918 E/EmkatGlide(23406): There was 1 cause:
03-08 13:15:09.918 E/EmkatGlide(23406): com.bumptech.glide.load.HttpException()
03-08 13:15:09.918 E/EmkatGlide(23406):  call GlideException#logRootCauses(String) for more detail
03-08 13:15:09.918 E/EmkatGlide(23406): class com.bumptech.glide.load.engine.GlideException: Failed to load resource
03-08 13:15:09.918 E/EmkatGlide(23406): There was 1 cause:
03-08 13:15:09.918 E/EmkatGlide(23406): com.bumptech.glide.load.HttpException()
03-08 13:15:09.918 E/EmkatGlide(23406):  call GlideException#logRootCauses(String) for more detail
03-08 13:15:09.918 E/EmkatGlide(23406):   Cause (1 of 1): class com.bumptech.glide.load.engine.GlideException: Fetching data failed, class java.io.InputStream, REMOTE
03-08 13:15:09.918 E/EmkatGlide(23406): There was 1 cause:
03-08 13:15:09.918 E/EmkatGlide(23406): com.bumptech.glide.load.HttpException()
03-08 13:15:09.918 E/EmkatGlide(23406):  call GlideException#logRootCauses(String) for more detail
03-08 13:15:09.918 E/EmkatGlide(23406):     Cause (1 of 1): class com.bumptech.glide.load.HttpException: 

03-08 13:15:09.919 I/Glide   (23406): Root cause (1 of 1)
03-08 13:15:09.919 I/Glide   (23406): com.bumptech.glide.load.HttpException: 
03-08 13:15:09.919 I/Glide   (23406): 	at com.bumptech.glide.integration.okhttp3.OkHttpStreamFetcher.onResponse(OkHttpStreamFetcher.java:73)
03-08 13:15:09.919 I/Glide   (23406): 	at okhttp3.RealCall$AsyncCall.execute(RealCall.java:203)
03-08 13:15:09.919 I/Glide   (23406): 	at okhttp3.internal.NamedRunnable.run(NamedRunnable.java:32)
03-08 13:15:09.919 I/Glide   (23406): 	at java.util.concurrent.ThreadPoolExecutor.runWorker(ThreadPoolExecutor.java:1156)
03-08 13:15:09.919 I/Glide   (23406): 	at java.util.concurrent.ThreadPoolExecutor$Worker.run(ThreadPoolExecutor.java:651)
03-08 13:15:09.919 I/Glide   (23406): 	at java.lang.Thread.run(Thread.java:1126)
03-08 13:15:09.920 E/EmkatGlide(23406): 海报加载失败: Failed to load resource
03-08 13:15:09.920 E/EmkatGlide(23406): There was 1 cause:
03-08 13:15:09.920 E/EmkatGlide(23406): com.bumptech.glide.load.HttpException()
03-08 13:15:09.920 E/EmkatGlide(23406):  call GlideException#logRootCauses(String) for more detail
03-08 13:15:09.920 E/EmkatGlide(23406): class com.bumptech.glide.load.engine.GlideException: Failed to load resource
03-08 13:15:09.920 E/EmkatGlide(23406): There was 1 cause:
03-08 13:15:09.920 E/EmkatGlide(23406): com.bumptech.glide.load.HttpException()
03-08 13:15:09.920 E/EmkatGlide(23406):  call GlideException#logRootCauses(String) for more detail
03-08 13:15:09.920 E/EmkatGlide(23406):   Cause (1 of 1): class com.bumptech.glide.load.engine.GlideException: Fetching data failed, class java.io.InputStream, REMOTE
03-08 13:15:09.920 E/EmkatGlide(23406): There was 1 cause:
03-08 13:15:09.920 E/EmkatGlide(23406): com.bumptech.glide.load.HttpException()
03-08 13:15:09.920 E/EmkatGlide(23406):  call GlideException#logRootCauses(String) for more detail
03-08 13:15:09.920 E/EmkatGlide(23406):     Cause (1 of 1): class com.bumptech.glide.load.HttpException: 

03-08 13:15:10.110 E/EmkatGlide(23406): 海报加载失败: Failed to load resource
03-08 13:15:10.110 E/EmkatGlide(23406): There was 1 cause:
03-08 13:15:10.110 E/EmkatGlide(23406): com.bumptech.glide.load.HttpException()
03-08 13:15:10.110 E/EmkatGlide(23406):  call GlideException#logRootCauses(String) for more detail
03-08 13:15:10.110 E/EmkatGlide(23406): class com.bumptech.glide.load.engine.GlideException: Failed to load resource
03-08 13:15:10.110 E/EmkatGlide(23406): There was 1 cause:
03-08 13:15:10.110 E/EmkatGlide(23406): com.bumptech.glide.load.HttpException()
03-08 13:15:10.110 E/EmkatGlide(23406):  call GlideException#logRootCauses(String) for more detail
03-08 13:15:10.110 E/EmkatGlide(23406):   Cause (1 of 1): class com.bumptech.glide.load.engine.GlideException: Fetching data failed, class java.io.InputStream, REMOTE
03-08 13:15:10.110 E/EmkatGlide(23406): There was 1 cause:
03-08 13:15:10.110 E/EmkatGlide(23406): com.bumptech.glide.load.HttpException()
03-08 13:15:10.110 E/EmkatGlide(23406):  call GlideException#logRootCauses(String) for more detail
03-08 13:15:10.110 E/EmkatGlide(23406):     Cause (1 of 1): class com.bumptech.glide.load.HttpException: 
03-08 13:15:10.110 D/OkHttp  (23406): <-- 200 https://media.micu.hk/Users/004c7e620c2e489ca7d7155894e1c639/Items?ParentId=2607&Fields=Overview%2CProductionYear&Limit=20 (506ms, unknown-length body)

03-08 13:15:10.359 I/Glide   (23406): Root cause (1 of 1)
03-08 13:15:10.359 I/Glide   (23406): com.bumptech.glide.load.HttpException: 
03-08 13:15:10.359 I/Glide   (23406): 	at com.bumptech.glide.integration.okhttp3.OkHttpStreamFetcher.onResponse(OkHttpStreamFetcher.java:73)
03-08 13:15:10.359 I/Glide   (23406): 	at okhttp3.RealCall$AsyncCall.execute(RealCall.java:203)
03-08 13:15:10.359 I/Glide   (23406): 	at okhttp3.internal.NamedRunnable.run(NamedRunnable.java:32)
03-08 13:15:10.359 I/Glide   (23406): 	at java.util.concurrent.ThreadPoolExecutor.runWorker(ThreadPoolExecutor.java:1156)
03-08 13:15:10.359 I/Glide   (23406): 	at java.util.concurrent.ThreadPoolExecutor$Worker.run(ThreadPoolExecutor.java:651)
03-08 13:15:10.359 I/Glide   (23406): 	at java.lang.Thread.run(Thread.java:1126)
03-08 13:15:10.359 E/EmkatGlide(23406): 海报加载失败: Failed to load resource
03-08 13:15:10.359 E/EmkatGlide(23406): There was 1 cause:
03-08 13:15:10.359 E/EmkatGlide(23406): com.bumptech.glide.load.HttpException()
03-08 13:15:10.359 E/EmkatGlide(23406):  call GlideException#logRootCauses(String) for more detail
03-08 13:15:10.359 E/EmkatGlide(23406): class com.bumptech.glide.load.engine.GlideException: Failed to load resource
03-08 13:15:10.359 E/EmkatGlide(23406): There was 1 cause:
03-08 13:15:10.359 E/EmkatGlide(23406): com.bumptech.glide.load.HttpException()
03-08 13:15:10.359 E/EmkatGlide(23406):  call GlideException#logRootCauses(String) for more detail
03-08 13:15:10.359 E/EmkatGlide(23406):   Cause (1 of 1): class com.bumptech.glide.load.engine.GlideException: Fetching data failed, class java.io.InputStream, REMOTE
03-08 13:15:10.359 E/EmkatGlide(23406): There was 1 cause:
03-08 13:15:10.359 E/EmkatGlide(23406): com.bumptech.glide.load.HttpException()
03-08 13:15:10.359 E/EmkatGlide(23406):  call GlideException#logRootCauses(String) for more detail
03-08 13:15:10.359 E/EmkatGlide(23406):     Cause (1 of 1): class com.bumptech.glide.load.HttpException: 

03-08 13:15:10.361 I/Glide   (23406): Root cause (1 of 1)
03-08 13:15:10.361 I/Glide   (23406): com.bumptech.glide.load.HttpException: 
03-08 13:15:10.361 I/Glide   (23406): 	at com.bumptech.glide.integration.okhttp3.OkHttpStreamFetcher.onResponse(OkHttpStreamFetcher.java:73)
03-08 13:15:10.361 I/Glide   (23406): 	at okhttp3.RealCall$AsyncCall.execute(RealCall.java:203)
03-08 13:15:10.361 I/Glide   (23406): 	at okhttp3.internal.NamedRunnable.run(NamedRunnable.java:32)
03-08 13:15:10.361 I/Glide   (23406): 	at java.util.concurrent.ThreadPoolExecutor.runWorker(ThreadPoolExecutor.java:1156)
03-08 13:15:10.361 I/Glide   (23406): 	at java.util.concurrent.ThreadPoolExecutor$Worker.run(ThreadPoolExecutor.java:651)
03-08 13:15:10.361 I/Glide   (23406): 	at java.lang.Thread.run(Thread.java:1126)
03-08 13:15:10.362 E/EmkatGlide(23406): 海报加载失败: Failed to load resource

03-08 13:15:10.362 E/EmkatGlide(23406): There was 1 cause:
03-08 13:15:10.362 E/EmkatGlide(23406): com.bumptech.glide.load.HttpException()
03-08 13:15:10.362 E/EmkatGlide(23406):  call GlideException#logRootCauses(String) for more detail
03-08 13:15:10.362 E/EmkatGlide(23406): class com.bumptech.glide.load.engine.GlideException: Failed to load resource
03-08 13:15:10.362 E/EmkatGlide(23406): There was 1 cause:
03-08 13:15:10.362 E/EmkatGlide(23406): com.bumptech.glide.load.HttpException()
03-08 13:15:10.362 E/EmkatGlide(23406):  call GlideException#logRootCauses(String) for more detail
03-08 13:15:10.362 E/EmkatGlide(23406):   Cause (1 of 1): class com.bumptech.glide.load.engine.GlideException: Fetching data failed, class java.io.InputStream, REMOTE
03-08 13:15:10.362 E/EmkatGlide(23406): There was 1 cause:
03-08 13:15:10.362 E/EmkatGlide(23406): com.bumptech.glide.load.HttpException()
03-08 13:15:10.362 E/EmkatGlide(23406):  call GlideException#logRootCauses(String) for more detail
03-08 13:15:10.362 E/EmkatGlide(23406):     Cause (1 of 1): class com.bumptech.glide.load.HttpException: 

03-08 13:15:10.686 D/RenderEngine( 2076): [Task=11925#19141] set isRequiresLinearEffect false when dimming ratio equals 1.
03-08 13:15:10.686 D/RenderEngine( 2076): [com.tananaev.logcat/com.tananaev.logcat.GoogleActivity#19346] set isRequiresLinearEffect false when dimming ratio equals 1.
03-08 13:15:10.686 D/RenderEngine( 2076): [Caption of Task==11925#19352] set isRequiresLinearEffect false when dimming ratio equals 1.
03-08 13:15:10.687 I/SDM     ( 2017): HWDeviceDRM::SetupConcurrentWriteback: Tear down the Concurrent Writeback topology
03-08 13:15:10.687 I/PowerManagerService( 2919): need release WakeLockSuspendBlocker
03-08 13:15:10.690 I/PowerManagerService( 2919): Releasing suspend blocker "PowerManagerService.WakeLocks".
03-08 13:15:10.690 I/power   ( 2919): release wakelock: PowerManagerService.WakeLocks
03-08 13:15:10.690 I/android.system.suspend-service( 1185): decSuspendCounter-- success,name:PowerManagerService.WakeLocks mUseSuspendCounter:1 mSuspendCounter:3: Success
03-08 13:15:10.691 D/AWARENESS_RedEnvelopeAbility( 6754): publish RedEnvelopeBean PackageName=com.follow.clash
03-08 13:15:10.691 D/AWARENESS_RedEnvelopeFence( 6754): onDataReceive data=200022001
03-08 13:15:10.691 E/AWARENESS_RedEnvelopeFence( 6754): not subscripPackageName or subscripMsgContent=com.follow.clash
03-08 13:15:10.692 I/NotificationListener( 3973): onNotificationPosted: sbn.key=0|com.follow.clash|1|null|10283 important=2, flags 106, post=1772946910460, when=1772945163892,showWhen=true, vis=0, hasFullScreenIntent=false, style=null, isNonDismissable=false
03-08 13:15:10.692 W/Glide   (23406): Load failed for https://media.micu.hk:443/Items/2606/Images/Primary?maxWidth=400&maxHeight=600&quality=80 with size [313x176]
03-08 13:15:10.692 W/Glide   (23406): class com.bumptech.glide.load.engine.GlideException: Failed to load resource
03-08 13:15:10.692 W/Glide   (23406): There was 1 cause:
03-08 13:15:10.692 W/Glide   (23406): com.bumptech.glide.load.HttpException()
03-08 13:15:10.692 W/Glide   (23406):  call GlideException#logRootCauses(String) for more detail
03-08 13:15:10.692 W/Glide   (23406):   Cause (1 of 1): class com.bumptech.glide.load.engine.GlideException: Fetching data failed, class java.io.InputStream, REMOTE
03-08 13:15:10.692 W/Glide   (23406): There was 1 cause:
03-08 13:15:10.692 W/Glide   (23406): com.bumptech.glide.load.HttpException()
03-08 13:15:10.692 W/Glide   (23406):  call GlideException#logRootCauses(String) for more detail
03-08 13:15:10.692 W/Glide   (23406):     Cause (1 of 1): class com.bumptech.glide.load.HttpException: 
03-08 13:15:10.693 I/Glide   (23406): Root cause (1 of 1)
03-08 13:15:10.693 I/Glide   (23406): com.bumptech.glide.load.HttpException: 
03-08 13:15:10.693 I/Glide   (23406): 	at com.bumptech.glide.integration.okhttp3.OkHttpStreamFetcher.onResponse(OkHttpStreamFetcher.java:73)
03-08 13:15:10.693 I/Glide   (23406): 	at okhttp3.RealCall$AsyncCall.execute(RealCall.java:203)
03-08 13:15:10.693 I/Glide   (23406): 	at okhttp3.internal.NamedRunnable.run(NamedRunnable.java:32)
03-08 13:15:10.693 I/Glide   (23406): 	at java.util.concurrent.ThreadPoolExecutor.runWorker(ThreadPoolExecutor.java:1156)
03-08 13:15:10.693 I/Glide   (23406): 	at java.util.concurrent.ThreadPoolExecutor$Worker.run(ThreadPoolExecutor.java:651)
03-08 13:15:10.693 I/Glide   (23406): 	at java.lang.Thread.run(Thread.java:1126)
03-08 13:15:10.693 E/EmkatGlide(23406): 海报加载失败: Failed to load resource
03-08 13:15:10.693 E/EmkatGlide(23406): There was 1 cause:
03-08 13:15:10.693 E/EmkatGlide(23406): com.bumptech.glide.load.HttpException()
03-08 13:15:10.693 E/EmkatGlide(23406):  call GlideException#logRootCauses(String) for more detail
03-08 13:15:10.693 E/EmkatGlide(23406): class com.bumptech.glide.load.engine.GlideException: Failed to load resource
03-08 13:15:10.693 E/EmkatGlide(23406): There was 1 cause:
03-08 13:15:10.693 E/EmkatGlide(23406): com.bumptech.glide.load.HttpException()
03-08 13:15:10.693 E/EmkatGlide(23406):  call GlideException#logRootCauses(String) for more detail
03-08 13:15:10.693 E/EmkatGlide(23406):
   Cause (1 of 1): class com.bumptech.glide.load.engine.GlideException: Fetching data failed, class java.io.InputStream, REMOTE
03-08 13:15:10.693 E/EmkatGlide(23406): There was 1 cause:
03-08 13:15:10.693 E/EmkatGlide(23406): com.bumptech.glide.load.HttpException()
03-08 13:15:10.693 E/EmkatGlide(23406):  call GlideException#logRootCauses(String) for more detail
03-08 13:15:10.693 E/EmkatGlide(23406):     Cause (1 of 1): class com.bumptech.glide.load.HttpException: 
03-08 13:15:10.693 W/MediaDataManager( 3973): onNotificationAdded key:0|com.follow.clash|1|null|10283 isMediaNotification:falseuseQsMediaPlayer istrue
03-08 13:15:10.694 I/MediaDataManager( 3973): isCustomMediaNoti, key:0|com.follow.clash|1|null|10283 false
03-08 13:15:10.694 I/GlobalDynCoordinator( 3973): pkgName = com.follow.clash channel = FlClash
03-08 13:15:10.694 I/GlobalDynCoordinator( 3973): Updated, entry is disabled
03-08 13:15:10.694 W/Glide   (23406): Load failed for https://media.micu.hk:443/Items/407592/Images/Primary?maxWidth=400&maxHeight=600&quality=80 with size [313x176]
03-08 13:15:10.694 W/Glide   (23406): class com.bumptech.glide.load.engine.GlideException: Failed to load resource
03-08 13:15:10.694 W/Glide   (23406): There was 1 cause:
03-08 13:15:10.694 W/Glide   (23406): com.bumptech.glide.load.HttpException()
03-08 13:15:10.694 W/Glide   (23406):  call GlideException#logRootCauses(String) for more detail
03-08 13:15:10.694 W/Glide   (23406):   Cause (1 of 1): class com.bumptech.glide.load.engine.GlideException: Fetching data failed, class java.io.InputStream, REMOTE
03-08 13:15:10.694 W/Glide   (23406): There was 1 cause:
03-08 13:15:10.694 W/Glide   (23406): com.bumptech.glide.load.HttpException()
03-08 13:15:10.694 W/Glide   (23406):  call GlideException#logRootCauses(String) for more detail
03-08 13:15:10.694 W/Glide   (23406):     Cause (1 of 1): class com.bumptech.glide.load.HttpException: 
03-08 13:15:10.695 I/Glide   (23406): Root cause (1 of 1)
03-08 13:15:10.695 I/Glide   (23406): com.bumptech.glide.load.HttpException: 
03-08 13:15:10.695 I/Glide   (23406): 	at com.bumptech.glide.integration.okhttp3.OkHttpStreamFetcher.onResponse(OkHttpStreamFetcher.java:73)
03-08 13:15:10.695 I/Glide   (23406): 	at okhttp3.RealCall$AsyncCall.execute(RealCall.java:203)
03-08 13:15:10.695 I/Glide   (23406): 	at okhttp3.internal.NamedRunnable.run(NamedRunnable.java:32)
03-08 13:15:10.695 I/Glide   (23406): 	at java.util.concurrent.ThreadPoolExecutor.runWorker(ThreadPoolExecutor.java:1156)
03-08 13:15:10.695 I/Glide   (23406): 	at java.util.concurrent.ThreadPoolExecutor$Worker.run(ThreadPoolExecutor.java:651)
03-08 13:15:10.695 I/Glide   (23406): 	at java.lang.Thread.run(Thread.java:1126)
03-08 13:15:10.695 W/HwNotificationEntryObserver( 3973): reportNT failed, more than 2000, sbn=0|com.follow.clash|1|null|10283
03-08 13:15:10.695 E/EmkatGlide(23406): 海报加载失败: Failed to load resource
03-08 13:15:10.695 E/EmkatGlide(23406): There was 1 cause:
03-08 13:15:10.695 E/EmkatGlide(23406): com.bumptech.glide.load.HttpException()
03-08 13:15:10.695 E/EmkatGlide(23406):  call GlideException#logRootCauses(String) for more detail
03-08 13:15:10.695 E/EmkatGlide(23406): class com.bumptech.glide.load.engine.GlideException: Failed to load resource
03-08 13:15:10.695 E/EmkatGlide(23406): There was 1 cause:
03-08 13:15:10.695 E/EmkatGlide(23406): com.bumptech.glide.load.HttpException()
03-08 13:15:10.695 E/EmkatGlide(23406):  call GlideException#logRootCauses(String) for more detail
03-08 13:15:10.695 E/EmkatGlide(23406):   Cause (1 of 1): class com.bumptech.glide.load.engine.GlideException: Fetching data failed, class java.io.InputStream, REMOTE
03-08 13:15:10.695 E/EmkatGlide(23406): There was 1 cause:
03-08 13:15:10.695 E/EmkatGlide(23406): com.bumptech.glide.load.HttpException()
03-08 13:15:10.695 E/EmkatGlide(23406):  call GlideException#logRootCauses(String) for more detail
03-08 13:15:10.695 E/EmkatGlide(23406):     Cause (1 of 1): class com.bumptech.glide.load.HttpException: 
03-08 13:15:10.696 I/NotifySyncService_14100_14971(14100): MSG_NOTIF
03-08 13:15:10.911 I/Advanced_Booster_Qoe( 4170): EvalBandWidthandDelay RbRatio:0.283981., DlOtaEstRate:0 kbps, UlOtaEstRate:-1 kbps, ulDelay:0 ms
03-08 13:15:10.911 D/Advanced_Booster_Qoe( 4170): Rule101CorrectEvalResCellPdcpLoss, upPktLossRate:0, upLinkRate:0
03-08 13:15:10.911 D/Advanced_Booster_Qoe( 4170): channel Index:2
03-08 13:15:10.911 D/Calculate_Wifi_Bandwidth( 4170): SmoothWifiChannelParameters, alpha is: 0.500000.
03-08 13:15:10.911 D/Calculate_Wifi_Bandwidth( 4170): SmoothWifiChannelParameters, smoothed data, chload: 51, rssi: -51, phyRxRate: 891 100kbps, phyTxRate: 532 100kbps.
03-08 13:15:10.911 D/Calculate_Wifi_Bandwidth( 4170): CalcChannelBandwidthByRatio, isDownLink: 1, calculated result is: 591.891296 100kbps.
03-08 13:15:10.911 D/Calculate_Wifi_Bandwidth( 4170): CalcChannelBandwidthByRatio, isDownLink: 0, calculated result is: 353.407593 100kbps.
03-08 13:15:10.911 E/EmkatGlide(23406): 海报加载失败: Failed to load resource
03-08 13:15:10.911 E/EmkatGlide(23406): There was 1 cause:
03-08 13:15:10.911 E/EmkatGlide(23406): com.bumptech.glide.load.HttpException()
03-08 13:15:10.911 E/EmkatGlide(23406):  call GlideException#logRootCauses(String) for more detail
03-08 13:15:10.911 E/EmkatGlide(23406): class com.bumptech.glide.load.engine.GlideException: Failed to load resource
03-08 13:15:10.911 E/EmkatGlide(23406): There was 1 cause:
03-08 13:15:10.911 E/EmkatGlide(23406): com.bumptech.glide.load.HttpException()
03-08 13:15:10.911 E/EmkatGlide(23406):  call GlideException#logRootCauses(String) for more detail
03-08 13:15:10.911 E/EmkatGlide(23406):   Cause (1 of 1): class com.bumptech.glide.load.engine.GlideException: Fetching data failed, class java.io.InputStream, REMOTE
03-08 13:15:10.911 E/EmkatGlide(23406): There was 1 cause:
03-08 13:15:10.911 E/EmkatGlide(23406): com.bumptech.glide.load.HttpException()
03-08 13:15:10.911 E/EmkatGlide(23406):  call GlideException#logRootCauses(String) for more detail
03-08 13:15:10.911 E/EmkatGlide(23406):     Cause (1 of 1): class com.bumptech.glide.load.HttpException: 
03-08 13:15:10.911 I/Advanced_Booster_Qoe( 4170): AdvancedQoeInfo: 10254,4,0,0,2,0,4,0,200,0,0,0,10,0,0,0,0,2,4,0,0,52000,78000,10,10,0,31,106,0,0,2,0,0,0,-51; subReason: 0,0,0,0,0,0,0,0,2,0,0,0,0,0,0,0,0,0,2,0,0,0,0,0,0,0,0; detectedRules: 0,0,0,0,2,0,0,0,0,0,2,0,0,0,0

03-08 13:15:10.913 D/NetworkQoeRca( 4170): appQoeInfo set faultType: 0
03-08 13:15:10.913 D/NetworkQoeRca( 4170): appQoeInfo set faultDomain: 0
03-08 13:15:10.913 W/Glide   (23406): Load failed for https://media.micu.hk:443/Items/407593/Images/Primary?maxWidth=400&maxHeight=600&quality=80 with size [313x176]
03-08 13:15:10.913 W/Glide   (23406): class com.bumptech.glide.load.engine.GlideException: Failed to load resource
03-08 13:15:10.913 W/Glide   (23406): There was 1 cause:
03-08 13:15:10.913 W/Glide   (23406): com.bumptech.glide.load.HttpException()
03-08 13:15:10.913 W/Glide   (23406):  call GlideException#logRootCauses(String) for more detail
03-08 13:15:10.913 W/Glide   (23406):   Cause (1 of 1): class com.bumptech.glide.load.engine.GlideException: Fetching data failed, class java.io.InputStream, REMOTE
03-08 13:15:10.913 W/Glide   (23406): There was 1 cause:
03-08 13:15:10.913 W/Glide   (23406): com.bumptech.glide.load.HttpException()
03-08 13:15:10.913 W/Glide   (23406):  call GlideException#logRootCauses(String) for more detail
03-08 13:15:10.913 W/Glide   (23406):     Cause (1 of 1): class com.bumptech.glide.load.HttpException: 
03-08 13:15:10.914 I/Glide   (23406): Root cause (1 of 1)
03-08 13:15:10.914 I/Glide   (23406): com.bumptech.glide.load.HttpException: 
03-08 13:15:10.914 I/Glide   (23406): 	at com.bumptech.glide.integration.okhttp3.OkHttpStreamFetcher.onResponse(OkHttpStreamFetcher.java:73)
03-08 13:15:10.914 I/Glide   (23406): 	at okhttp3.RealCall$AsyncCall.execute(RealCall.java:203)
03-08 13:15:10.914 I/Glide   (23406): 	at okhttp3.internal.NamedRunnable.run(NamedRunnable.java:32)
03-08 13:15:10.914 I/Glide   (23406): 	at java.util.concurrent.ThreadPoolExecutor.runWorker(ThreadPoolExecutor.java:1156)
03-08 13:15:10.914 I/Glide   (23406): 	at java.util.concurrent.ThreadPoolExecutor$Worker.run(ThreadPoolExecutor.java:651)
03-08 13:15:10.914 I/Glide   (23406): 	at java.lang.Thread.run(Thread.java:1126)
03-08 13:15:10.914 E/EmkatGlide(23406): 海报加载失败: Failed to load resource
03-08 13:15:10.914 E/EmkatGlide(23406): There was 1 cause:
03-08 13:15:10.914 E/EmkatGlide(23406): com.bumptech.glide.load.HttpException()
03-08 13:15:10.914 E/EmkatGlide(23406):  call GlideException#logRootCauses(String) for more detail
03-08 13:15:10.914 E/EmkatGlide(23406): class com.bumptech.glide.load.engine.GlideException: Failed to load resource
03-08 13:15:10.914 E/EmkatGlide(23406): There was 1 cause:
03-08 13:15:10.914 E/EmkatGlide(23406): com.bumptech.glide.load.HttpException()
03-08 13:15:10.914 E/EmkatGlide(23406):  call GlideException#logRootCauses(String) for more detail
03-08 13:15:10.914 E/EmkatGlide(23406):   Cause (1 of 1): class com.bumptech.glide.load.engine.GlideException: Fetching data failed, class java.io.InputStream, REMOTE
03-08 13:15:10.914 E/EmkatGlide(23406): There was 1 cause:
03-08 13:15:10.914 E/EmkatGlide(23406): com.bumptech.glide.load.HttpException()
03-08 13:15:10.914 E/EmkatGlide(23406):  call GlideException#logRootCauses(String) for more detail
03-08 13:15:10.914 E/EmkatGlide(23406):     Cause (1 of 1): class com.bumptech.glide.load.HttpException: 
03-08 13:15:10.914 I/Booster_OllieObserver( 4170): notify registrants event: EVENT_QOE_INFO_CHANGED

03-08 13:15:11.159 W/Glide   (23406): There was 1 cause:
03-08 13:15:11.159 W/Glide   (23406): com.bumptech.glide.load.HttpException()
03-08 13:15:11.159 W/Glide   (23406):  call GlideException#logRootCauses(String) for more detail
03-08 13:15:11.159 W/Glide   (23406):   Cause (1 of 1): class com.bumptech.glide.load.engine.GlideException: Fetching data failed, class java.io.InputStream, REMOTE
03-08 13:15:11.159 W/Glide   (23406): There was 1 cause:
03-08 13:15:11.159 W/Glide   (23406): com.bumptech.glide.load.HttpException()
03-08 13:15:11.159 W/Glide   (23406):  call GlideException#logRootCauses(String) for more detail
03-08 13:15:11.159 W/Glide   (23406):     Cause (1 of 1): class com.bumptech.glide.load.HttpException: 
03-08 13:15:11.160 I/Glide   (23406): Root cause (1 of 1)
03-08 13:15:11.160 I/Glide   (23406): com.bumptech.glide.load.HttpException: 
03-08 13:15:11.160 I/Glide   (23406): 	at com.bumptech.glide.integration.okhttp3.OkHttpStreamFetcher.onResponse(OkHttpStreamFetcher.java:73)
03-08 13:15:11.160 I/Glide   (23406): 	at okhttp3.RealCall$AsyncCall.execute(RealCall.java:203)
03-08 13:15:11.160 I/Glide   (23406): 	at okhttp3.internal.NamedRunnable.run(NamedRunnable.java:32)
03-08 13:15:11.160 I/Glide   (23406): 	at java.util.concurrent.ThreadPoolExecutor.runWorker(ThreadPoolExecutor.java:1156)
03-08 13:15:11.160 I/Glide   (23406): 	at java.util.concurrent.ThreadPoolExecutor$Worker.run(ThreadPoolExecutor.java:651)
03-08 13:15:11.160 I/Glide   (23406): 	at java.lang.Thread.run(Thread.java:1126)
03-08 13:15:11.162 D/OkHttp  (23406): <-- 404 https://media.micu.hk/Items/9998/Images/Primary?maxWidth=400&maxHeight=600&quality=80 (252ms, 43-byte body)
03-08 13:15:11.163 E/EmkatGlide(23406): 海报加载失败: Failed to load resource
03-08 13:15:11.163 E/EmkatGlide(23406): There was 1 cause:
03-08 13:15:11.163 E/EmkatGlide(23406): com.bumptech.glide.load.HttpException()
03-08 13:15:11.163 E/EmkatGlide(23406):  call GlideException#logRootCauses(String) for more detail
03-08 13:15:11.163 E/EmkatGlide(23406): class com.bumptech.glide.load.engine.GlideException: Failed to load resource
03-08 13:15:11.163 E/EmkatGlide(23406): There was 1 cause:
03-08 13:15:11.163 E/EmkatGlide(23406): com.bumptech.glide.load.HttpException()
03-08 13:15:11.163 E/EmkatGlide(23406):  call GlideException#logRootCauses(String) for more detail
03-08 13:15:11.163 E/EmkatGlide(23406):   Cause (1 of 1): class com.bumptech.glide.load.engine.GlideException: Fetching data failed, class java.io.InputStream, REMOTE
03-08 13:15:11.163 E/EmkatGlide(23406): There was 1 cause:
03-08 13:15:11.163 E/EmkatGlide(23406): com.bumptech.glide.load.HttpException()
03-08 13:15:11.163 E/EmkatGlide(23406):  call GlideException#logRootCauses(String) for more detail
03-08 13:15:11.163 E/EmkatGlide(23406):     Cause (1 of 1): class com.bumptech.glide.load.HttpException: 
03-08 13:15:11.164 D/OkHttp  (23406): --> GET https://media.micu.hk/Items/407595/Images/Primary?maxWidth=400&maxHeight=600&quality=80
03-08 13:15:11.168 D/RenderEngine( 2076): [HnFreeformBackground of Task=11925#19354] set isRequiresLinearEffect false when dimming ratio equals 1.
03-08 13:15:11.168 D/RenderEngine( 2076): [Task=11925#19141] set isRequiresLinearEffect false when dimming ratio equals 1.
03-08 13:15:11.168 D/RenderEngine( 2076): [com.tananaev.logcat/com.tananaev.logcat.GoogleActivity#19346] set isRequiresLinearEffect false when dimming ratio equals 1.
03-08 13:15:11.168 W/Glide   (23406): Load failed for https://media.micu.hk:443/Items/9998/Images/Primary?maxWidth=400&maxHeight=600&quality=80 with size [313x176]
03-08 13:15:11.168 W/Glide   (23406): class com.bumptech.glide.load.engine.GlideException: Failed to load resource
03-08 13:15:11.168 W/Glide   (23406): There was 1 cause:
03-08 13:15:11.168 W/Glide   (23406): com.bumptech.glide.load.HttpException()
03-08 13:15:11.168 W/Glide   (23406):  call GlideException#logRootCauses(String) for more detail

03-08 13:15:11.172 E/EmkatGlide(23406): 海报加载失败: Failed to load resource
03-08 13:15:11.172 E/EmkatGlide(23406): There was 1 cause:
03-08 13:15:11.172 E/EmkatGlide(23406): com.bumptech.glide.load.HttpException()
03-08 13:15:11.172 E/EmkatGlide(23406):  call GlideException#logRootCauses(String) for more detail
03-08 13:15:11.172 E/EmkatGlide(23406): class com.bumptech.glide.load.engine.GlideException: Failed to load resource
03-08 13:15:11.172 E/EmkatGlide(23406): There was 1 cause:
03-08 13:15:11.172 E/EmkatGlide(23406): com.bumptech.glide.load.HttpException()
03-08 13:15:11.172 E/EmkatGlide(23406):  call GlideException#logRootCauses(String) for more detail
03-08 13:15:11.172 E/EmkatGlide(23406):   Cause (1 of 1): class com.bumptech.glide.load.engine.GlideException: Fetching data failed, class java.io.InputStream, REMOTE
03-08 13:15:11.172 E/EmkatGlide(23406): There was 1 cause:
03-08 13:15:11.172 E/EmkatGlide(23406): com.bumptech.glide.load.HttpException()
03-08 13:15:11.172 E/EmkatGlide(23406):  call GlideException#logRootCauses(String) for more detail
03-08 13:15:11.172 E/EmkatGlide(23406):     Cause (1 of 1): class com.bumptech.glide.load.HttpException: 

03-08 13:15:11.444 E/EmkatGlide(23406): 海报加载失败: Failed to load resource
03-08 13:15:11.444 E/EmkatGlide(23406): There was 1 cause:
03-08 13:15:11.444 E/EmkatGlide(23406): com.bumptech.glide.load.HttpException()
03-08 13:15:11.444 E/EmkatGlide(23406):  call GlideException#logRootCauses(String) for more detail
03-08 13:15:11.444 E/EmkatGlide(23406): class com.bumptech.glide.load.engine.GlideException: Failed to load resource
03-08 13:15:11.444 E/EmkatGlide(23406): There was 1 cause:
03-08 13:15:11.444 E/EmkatGlide(23406): com.bumptech.glide.load.HttpException()
03-08 13:15:11.444 E/EmkatGlide(23406):  call GlideException#logRootCauses(String) for more detail

03-08 13:15:11.444 E/EmkatGlide(23406):   Cause (1 of 1): class com.bumptech.glide.load.engine.GlideException: Fetching data failed, class java.io.InputStream, REMOTE
03-08 13:15:11.444 E/EmkatGlide(23406): There was 1 cause:
03-08 13:15:11.444 E/EmkatGlide(23406): com.bumptech.glide.load.HttpException()
03-08 13:15:11.444 E/EmkatGlide(23406):  call GlideException#logRootCauses(String) for more detail
03-08 13:15:11.444 E/EmkatGlide(23406):     Cause (1 of 1): class com.bumptech.glide.load.HttpException: 

03-08 13:15:11.452 I/Glide   (23406): Root cause (1 of 1)
03-08 13:15:11.452 I/Glide   (23406): com.bumptech.glide.load.HttpException: 
03-08 13:15:11.452 I/Glide   (23406): 	at com.bumptech.glide.integration.okhttp3.OkHttpStreamFetcher.onResponse(OkHttpStreamFetcher.java:73)
03-08 13:15:11.452 I/Glide   (23406): 	at okhttp3.RealCall$AsyncCall.execute(RealCall.java:203)
03-08 13:15:11.452 I/Glide   (23406): 	at okhttp3.internal.NamedRunnable.run(NamedRunnable.java:32)
03-08 13:15:11.452 I/Glide   (23406): 	at java.util.concurrent.ThreadPoolExecutor.runWorker(ThreadPoolExecutor.java:1156)
03-08 13:15:11.452 I/Glide   (23406): 	at java.util.concurrent.ThreadPoolExecutor$Worker.run(ThreadPoolExecutor.java:651)
03-08 13:15:11.452 I/Glide   (23406): 	at java.lang.Thread.run(Thread.java:1126)
03-08 13:15:11.453 I/SnapAlloc( 2017): DEBUG ValidateDescriptor- Received width = 256, height = 90, format = 3, usage = 0x20000800
03-08 13:15:11.453 W/SnapAlloc( 2017): Failed to get format mapping to use mmm_color_fmt
03-08 13:15:11.453 W/SnapAlloc( 2017): Error while getting constraints from display libs width 256, height 90, format 3
03-08 13:15:11.455 E/EmkatGlide(23406): 海报加载失败: Failed to load resource
03-08 13:15:11.455 E/EmkatGlide(23406): There was 1 cause:
03-08 13:15:11.455 E/EmkatGlide(23406): com.bumptech.glide.load.HttpException()
03-08 13:15:11.455 E/EmkatGlide(23406):  call GlideException#logRootCauses(String) for more detail
03-08 13:15:11.455 E/EmkatGlide(23406): class com.bumptech.glide.load.engine.GlideException: Failed to load resource
03-08 13:15:11.455 E/EmkatGlide(23406): There was 1 cause:
03-08 13:15:11.455 E/EmkatGlide(23406): com.bumptech.glide.load.HttpException()
03-08 13:15:11.455 E/EmkatGlide(23406):  call GlideException#logRootCauses(String) for more detail
03-08 13:15:11.455 E/EmkatGlide(23406):   Cause (1 of 1): class com.bumptech.glide.load.engine.GlideException: Fetching data failed, class java.io.InputStream, REMOTE
03-08 13:15:11.455 E/EmkatGlide(23406): There was 1 cause:
03-08 13:15:11.455 E/EmkatGlide(23406): com.bumptech.glide.load.HttpException()
03-08 13:15:11.455 E/EmkatGlide(23406):  call GlideException#logRootCauses(String) for more detail
03-08 13:15:11.455 E/EmkatGlide(23406):     Cause (1 of 1): class com.bumptech.glide.load.HttpException: 

03-08 13:15:11.667 D/RenderEngine( 2076): [Task=11925#19141] set isRequiresLinearEffect false when dimming ratio equals 1.
03-08 13:15:11.667 D/RenderEngine( 2076): [com.tananaev.logcat/com.tananaev.logcat.GoogleActivity#19346] set isRequiresLinearEffect false when dimming ratio equals 1.
03-08 13:15:11.667 D/RenderEngine( 2076): [Caption of Task==11925#19352] set isRequiresLinearEffect false when dimming ratio equals 1.
03-08 13:15:11.669 D/OkHttp  (23406): <-- 404 https://media.micu.hk/Items/2639/Images/Primary?maxWidth=400&maxHeight=600&quality=80 (234ms, 43-byte body)
03-08 13:15:11.671 D/OkHttp  (23406): --> GET https://media.micu.hk/Items/7056/Images/Primary?maxWidth=400&maxHeight=600&quality=80
03-08 13:15:11.672 W/Glide   (23406): Load failed for https://media.micu.hk:443/Items/2639/Images/Primary?maxWidth=400&maxHeight=600&quality=80 with size [313x176]
03-08 13:15:11.672 W/Glide   (23406): class com.bumptech.glide.load.engine.GlideException: Failed to load resource
03-08 13:15:11.672 W/Glide   (23406): There was 1 cause:
03-08 13:15:11.672 W/Glide   (23406): com.bumptech.glide.load.HttpException()
03-08 13:15:11.672 W/Glide   (23406):  call GlideException#logRootCauses(String) for more detail
03-08 13:15:11.672 W/Glide   (23406):   Cause (1 of 1): class com.bumptech.glide.load.engine.GlideException: Fetching data failed, class java.io.InputStream, REMOTE
03-08 13:15:11.672 W/Glide   (23406): There was 1 cause:
03-08 13:15:11.672 W/Glide   (23406): com.bumptech.glide.load.HttpException()
03-08 13:15:11.672 W/Glide   (23406):  call GlideException#logRootCauses(String) for more detail
03-08 13:15:11.672 W/Glide   (23406):     Cause (1 of 1): class com.bumptech.glide.load.HttpException: 
03-08 13:15:11.672 I/Glide   (23406): Root cause (1 of 1)
03-08 13:15:11.672 I/Glide   (23406): com.bumptech.glide.load.HttpException: 
03-08 13:15:11.672 I/Glide   (23406): 	at com.bumptech.glide.integration.okhttp3.OkHttpStreamFetcher.onResponse(OkHttpStreamFetcher.java:73)
03-08 13:15:11.672 I/Glide   (23406): 	at okhttp3.RealCall$AsyncCall.execute(RealCall.java:203)
03-08 13:15:11.672 I/Glide   (23406): 	at okhttp3.internal.NamedRunnable.run(NamedRunnable.java:32)
03-08 13:15:11.672 I/Glide   (23406): 	at java.util.concurrent.ThreadPoolExecutor.runWorker(ThreadPoolExecutor.java:1156)
03-08 13:15:11.672 I/Glide   (23406): 	at java.util.concurrent.ThreadPoolExecutor$Worker.run(ThreadPoolExecutor.java:651)
03-08 13:15:11.672 I/Glide   (23406): 	at java.lang.Thread.run(Thread.java:1126)
03-08 13:15:11.673 E/EmkatGlide(23406): 海报加载失败: Failed to load resource
03-08 13:15:11.673 E/EmkatGlide(23406): There was 1 cause:
03-08 13:15:11.673 E/EmkatGlide(23406): com.bumptech.glide.load.HttpException()
03-08 13:15:11.673 E/EmkatGlide(23406):  call GlideException#logRootCauses(String) for more detail
03-08 13:15:11.673 E/EmkatGlide(23406): class com.bumptech.glide.load.engine.GlideException: Failed to load resource
03-08 13:15:11.673 E/EmkatGlide(23406): There was 1 cause:
03-08 13:15:11.673 E/EmkatGlide(23406): com.bumptech.glide.load.HttpException()
03-08 13:15:11.673 E/EmkatGlide(23406):  call GlideException#logRootCauses(String) for more detail
03-08 13:15:11.673 E/EmkatGlide(23406):   Cause (1 of 1): class com.bumptech.glide.load.engine.GlideException: Fetching data failed, class java.io.InputStream, REMOTE
03-08 13:15:11.673 E/EmkatGlide(23406): There was 1 cause:
03-08 13:15:11.673 E/EmkatGlide(23406): com.bumptech.glide.load.HttpException()
03-08 13:15:11.673 E/EmkatGlide(23406):  call GlideException#logRootCauses(String) for more detail
03-08 13:15:11.673 E/EmkatGlide(23406):     Cause (1 of 1): class com.bumptech.glide.load.HttpException: 
03-08 13:15:11.678 D/OkHttp  (23406): <-- 404 https://media.micu.hk/Items/407596/Images/Primary?maxWidth=400&maxHeight=600&quality=80 (234ms, 45-byte body)
03-08 13:15:11.680 D/OkHttp  (23406): --> GET https://media.micu.hk/Items/407597/Images/Primary?maxWidth=400&maxHeight=600&quality=80

03-08 13:15:11.699 I/Glide   (23406): Root cause (1 of 1)
03-08 13:15:11.699 I/Glide   (23406): com.bumptech.glide.load.HttpException: 
03-08 13:15:11.699 I/Glide   (23406): 	at com.bumptech.glide.integration.okhttp3.OkHttpStreamFetcher.onResponse(OkHttpStreamFetcher.java:73)
03-08 13:15:11.699 I/Glide   (23406): 	at okhttp3.RealCall$AsyncCall.execute(RealCall.java:203)
03-08 13:15:11.699 I/Glide   (23406): 	at okhttp3.internal.NamedRunnable.run(NamedRunnable.java:32)
03-08 13:15:11.699 I/Glide   (23406): 	at java.util.concurrent.ThreadPoolExecutor.runWorker(ThreadPoolExecutor.java:1156)
03-08 13:15:11.699 I/Glide   (23406): 	at java.util.concurrent.ThreadPoolExecutor$Worker.run(ThreadPoolExecutor.java:651)
03-08 13:15:11.699 I/Glide   (23406): 	at java.lang.Thread.run(Thread.java:1126)
03-08 13:15:11.700 E/EmkatGlide(23406): 海报加载失败: Failed to load resource
03-08 13:15:11.700 E/EmkatGlide(23406): There was 1 cause:
03-08 13:15:11.700 E/EmkatGlide(23406): com.bumptech.glide.load.HttpException()
03-08 13:15:11.700 E/EmkatGlide(23406):  call GlideException#logRootCauses(String) for more detail
03-08 13:15:11.700 E/EmkatGlide(23406): class com.bumptech.glide.load.engine.GlideException: Failed to load resource
03-08 13:15:11.700 E/EmkatGlide(23406): There was 1 cause:
03-08 13:15:11.700 E/EmkatGlide(23406): com.bumptech.glide.load.HttpException()
03-08 13:15:11.700 E/EmkatGlide(23406):  call GlideException#logRootCauses(String) for more detail
03-08 13:15:11.700 E/EmkatGlide(23406):   Cause (1 of 1): class com.bumptech.glide.load.engine.GlideException: Fetching data failed, class java.io.InputStream, REMOTE
03-08 13:15:11.700 E/EmkatGlide(23406): There was 1 cause:
03-08 13:15:11.700 E/EmkatGlide(23406): com.bumptech.glide.load.HttpException()
03-08 13:15:11.700 E/EmkatGlide(23406):  call GlideException#logRootCauses(String) for more detail
03-08 13:15:11.700 E/EmkatGlide(23406):     Cause (1 of 1): class com.bumptech.glide.load.HttpException: 
03-08 13:15:11.700 D/RenderEngine( 2076): [HnFreeformBackground of Task=11925#19354] set isRequiresLinearEffect false when dimming ratio equals 1.
03-08 13:15:11.700 D/RenderEngine( 2076): [Task=11925#19141] set isRequiresLinearEffect false when dimming ratio equals 1.
03-08 13:15:11.700 D/RenderEngine( 2076): [com.tananaev.logcat/com.tananaev.logcat.GoogleActivity#19346] set isRequiresLinearEffect false when dimming ratio equals 1.
03-08 13:15:11.700 D/RenderEngine( 2076): [Caption of Task==11925#19352] set isRequiresLinearEffect false when dimming ratio equals 1.

03-08 13:15:14.322 E/EmkatGlide(23406): 海报加载失败: Failed to load resource
03-08 13:15:14.322 E/EmkatGlide(23406): There was 1 cause:
03-08 13:15:14.322 E/EmkatGlide(23406): com.bumptech.glide.load.HttpException()
03-08 13:15:14.322 E/EmkatGlide(23406):  call GlideException#logRootCauses(String) for more detail
03-08 13:15:14.322 E/EmkatGlide(23406): class com.bumptech.glide.load.engine.GlideException: Failed to load resource
03-08 13:15:14.322 E/EmkatGlide(23406): There was 1 cause:
03-08 13:15:14.322 E/EmkatGlide(23406): com.bumptech.glide.load.HttpException()
03-08 13:15:14.322 E/EmkatGlide(23406):  call GlideException#logRootCauses(String) for more detail
03-08 13:15:14.322 E/EmkatGlide(23406):   Cause (1 of 1): class com.bumptech.glide.load.engine.GlideException: Fetching data failed, class java.io.InputStream, REMOTE
03-08 13:15:14.322 E/EmkatGlide(23406): There was 1 cause:
03-08 13:15:14.322 E/EmkatGlide(23406): com.bumptech.glide.load.HttpException()
03-08 13:15:14.322 E/EmkatGlide(23406):  call GlideException#logRootCauses(String) for more detail
03-08 13:15:14.322 E/EmkatGlide(23406):     Cause (1 of 1): class com.bumptech.glide.load.HttpException: 
03-08 13:15:14.323 D/OkHttp  (23406): --> GET https://media.micu.hk/Items/407598/Images/Primary?maxWidth=400&maxHeight=600&quality=80
03-08 13:15:14.324 D/OkHttp  (23406): <-- 500 https://media.micu.hk/Items/216355/Images/Primary?maxWidth=400&maxHeight=600&quality=80 (4419ms, 53-byte body)
03-08 13:15:14.325 D/RenderEngine( 2076): [HnFreeformBackground of Task=11925#19354] set isRequiresLinearEffect false when dimming ratio equals 1.
03-08 13:15:14.325 D/RenderEngine( 2076): [Task=11925#19141] set isRequiresLinearEffect false when dimming ratio equals 1.
03-08 13:15:14.326 D/RenderEngine( 2076): [com.tananaev.logcat/com.tananaev.logcat.GoogleActivity#19346] set isRequiresLinearEffect false when dimming ratio equals 1.
